{
    "sopa_segmentationcellpose - stub": {
        "content": [
            {
                "0": [
                    [
                        {
                            "id": "test"
                        },
                        "0.parquet:md5,d41d8cd98f00b204e9800998ecf8427e"
                    ]
                ],
                "1": [
                    "versions.yml:md5,3f88a0a9f27b109084e72b6c31fb5960"
                ],
                "cellpose_parquet": [
                    [
                        {
                            "id": "test"
                        },
                        "0.parquet:md5,d41d8cd98f00b204e9800998ecf8427e"
                    ]
                ],
                "versions": [
                    "versions.yml:md5,3f88a0a9f27b109084e72b6c31fb5960"
                ]
            }
        ],
        "timestamp": "2026-07-30T00:06:13.675350979",
        "meta": {
            "nf-test": "0.9.5",
            "nextflow": "24.04.2"
        }
    }
}