{
    "sopa_resolvecellpose - stub": {
        "content": [
            {
                "0": [
                    [
                        {
                            "id": "test"
                        },
                        "resolved.parquet:md5,d41d8cd98f00b204e9800998ecf8427e"
                    ]
                ],
                "1": [
                    "versions.yml:md5,636013292e68cc0ec53c84d815aafaf1"
                ],
                "cellpose_boundaries": [
                    [
                        {
                            "id": "test"
                        },
                        "resolved.parquet:md5,d41d8cd98f00b204e9800998ecf8427e"
                    ]
                ],
                "versions": [
                    "versions.yml:md5,636013292e68cc0ec53c84d815aafaf1"
                ]
            }
        ],
        "timestamp": "2026-07-29T18:01:27.244337553",
        "meta": {
            "nf-test": "0.9.5",
            "nextflow": "24.04.2"
        }
    }
}