{
    "sopa_resolvecellpose - stub": {
        "content": [
            {
                "0": [
                    [
                        {
                            "id": "test"
                        },
                        "resolved.parquet:md5,d41d8cd98f00b204e9800998ecf8427e"
                    ]
                ],
                "1": [
                    "versions.yml:md5,07f151659f95fdb4ea04ecc024ed3411"
                ],
                "cellpose_boundaries": [
                    [
                        {
                            "id": "test"
                        },
                        "resolved.parquet:md5,d41d8cd98f00b204e9800998ecf8427e"
                    ]
                ],
                "versions": [
                    "versions.yml:md5,07f151659f95fdb4ea04ecc024ed3411"
                ]
            }
        ],
        "timestamp": "2026-07-30T00:06:08.281617401",
        "meta": {
            "nf-test": "0.9.5",
            "nextflow": "24.04.2"
        }
    }
}