{
    "sopa_segment_wbacksub - tiff": {
        "content": [
            {
                "annotations": [
                    [
                        {
                            "id": "test"
                        },
                        "test.geojson.gz:md5,20ad60682b2c975a78ac5af5732e32ce"
                    ]
                ],
                "versions": [
                    "versions.yml:md5,68e76b954fa75f68c645487490fb74e9",
                    "versions.yml:md5,adbd1f31a95590cdd679b5aeca3d340e"
                ]
            }
        ],
        "timestamp": "2026-07-29T10:01:39.848140899",
        "meta": {
            "nf-test": "0.9.5",
            "nextflow": "24.04.2"
        }
    }
}