{
    "sopa_segment_wbacksub - tiff": {
        "content": [
            {
                "annotations": [
                    [
                        {
                            "id": "test"
                        },
                        "test.geojson.gz:md5,76bb3371f60058c0b8240bd78231f58a"
                    ]
                ],
                "versions": [
                    "versions.yml:md5,68e76b954fa75f68c645487490fb74e9",
                    "versions.yml:md5,adbd1f31a95590cdd679b5aeca3d340e"
                ]
            }
        ],
        "timestamp": "2026-07-30T00:19:43.658805976",
        "meta": {
            "nf-test": "0.9.5",
            "nextflow": "24.04.2"
        }
    }
}