{
    "mesmer_segment - tiff": {
        "content": [
            {
                "annotations": [
                    [
                        {
                            "id": "test"
                        },
                        "test.geojson.gz:md5,23ba348e6396410364bb85afa40243db"
                    ]
                ],
                "nuclear_tif": [
                    [
                        {
                            "id": "test"
                        },
                        "test_nuclear.tiff:md5,55619457956dd6a61b65e4601b02b8c1"
                    ]
                ],
                "versions": [
                    "versions.yml:md5,a0b4d5d63fa0ba41ff0f810d3472abdf",
                    "versions.yml:md5,f6e4f9f0f0c98acd89bd492a8664d34a"
                ],
                "whole_cell_tif": [
                    [
                        {
                            "id": "test"
                        },
                        "test_whole-cell.tiff:md5,2ea45711ec9e06507e329e112c0a0981"
                    ]
                ]
            }
        ],
        "timestamp": "2026-07-29T09:56:58.610794878",
        "meta": {
            "nf-test": "0.9.5",
            "nextflow": "24.04.2"
        }
    }
}