{
    "sopa_segment - tiff": {
        "content": [
            {
                "annotations": [
                    [
                        {
                            "id": "test"
                        },
                        "test.geojson.gz:md5,0675b9356536ffcf81591bd29624dba2"
                    ]
                ],
                "report": [
                    
                ],
                "versions": [
                    "versions.yml:md5,319b971b1981b00b034eabcb1c20400a",
                    "versions.yml:md5,38504565c9b3354ef7a93572da6b11bf",
                    "versions.yml:md5,8092d72f416a392ccee63719b0d4c998",
                    "versions.yml:md5,faeace3d7ca5ba5d9d9ebf3a48c43c24"
                ]
            }
        ],
        "timestamp": "2026-07-30T00:10:55.38651092",
        "meta": {
            "nf-test": "0.9.5",
            "nextflow": "24.04.2"
        }
    }
}