{
    "sopa_segment - tiff": {
        "content": [
            {
                "annotations": [
                    [
                        {
                            "id": "test"
                        },
                        "test.geojson.gz:md5,cf3e776b3350ff36292b9c0dca480589"
                    ]
                ],
                "report": [
                    
                ],
                "versions": [
                    "versions.yml:md5,8092d72f416a392ccee63719b0d4c998",
                    "versions.yml:md5,8e296315445b63f508c16e0259cffcc1",
                    "versions.yml:md5,a6cc5826c831c9e7a20f46c8900bfec4",
                    "versions.yml:md5,faeace3d7ca5ba5d9d9ebf3a48c43c24"
                ]
            }
        ],
        "timestamp": "2026-07-29T10:58:26.973182665",
        "meta": {
            "nf-test": "0.9.5",
            "nextflow": "24.04.2"
        }
    }
}