{
    "mesmersegment - nuclear segmentation": {
        "content": [
            {
                "0": [
                    
                ],
                "1": [
                    
                ],
                "segmentation_mask": [
                    
                ],
                "versions": [
                    
                ]
            }
        ],
        "meta": {
            "nf-test": "0.9.2",
            "nextflow": "25.04.4"
        },
        "timestamp": "2025-06-26T16:30:32.428313681"
    },
    "mesmersegment - cell segmentation": {
        "content": [
            {
                "0": [
                    
                ],
                "1": [
                    
                ],
                "segmentation_mask": [
                    
                ],
                "versions": [
                    
                ]
            }
        ],
        "meta": {
            "nf-test": "0.9.2",
            "nextflow": "25.04.4"
        },
        "timestamp": "2025-06-26T16:30:51.50399103"
    },
    "mesmersegment - stub": {
        "content": [
            {
                "0": [
                    [
                        {
                            "id": "test_stub"
                        },
                        "test_stub.tiff:md5,d41d8cd98f00b204e9800998ecf8427e"
                    ]
                ],
                "1": [
                    "versions.yml:md5,295760d34b0dcd2c396b9fa080140d7e"
                ],
                "segmentation_mask": [
                    [
                        {
                            "id": "test_stub"
                        },
                        "test_stub.tiff:md5,d41d8cd98f00b204e9800998ecf8427e"
                    ]
                ],
                "versions": [
                    "versions.yml:md5,295760d34b0dcd2c396b9fa080140d7e"
                ]
            }
        ],
        "meta": {
            "nf-test": "0.9.2",
            "nextflow": "25.04.4"
        },
        "timestamp": "2025-06-26T14:18:29.734892681"
    },
    "mesmersegment - minimal parameters": {
        "content": [
            {
                "0": [
                    
                ],
                "1": [
                    
                ],
                "segmentation_mask": [
                    
                ],
                "versions": [
                    
                ]
            }
        ],
        "meta": {
            "nf-test": "0.9.2",
            "nextflow": "25.04.4"
        },
        "timestamp": "2025-06-26T16:31:10.553927499"
    }
}