{
    "sopa_patchifyimage - zarr": {
        "content": [
            {
                "0": [
                    [
                        {
                            "id": "test"
                        },
                        "patches_file_image:md5,7c5aba41f53293b712fd86d08ed5b36e",
                        [
                            "shapes.parquet:md5,69e707b2722c2e83f5d7b0e507d95bcd",
                            "zarr.json:md5,41794a46835cfd9cc1ada843bf21e42f"
                        ]
                    ]
                ],
                "1": [
                    "versions.yml:md5,11341948db2808b223cc6f74b48dcc90"
                ],
                "patches": [
                    [
                        {
                            "id": "test"
                        },
                        "patches_file_image:md5,7c5aba41f53293b712fd86d08ed5b36e",
                        [
                            "shapes.parquet:md5,69e707b2722c2e83f5d7b0e507d95bcd",
                            "zarr.json:md5,41794a46835cfd9cc1ada843bf21e42f"
                        ]
                    ]
                ],
                "versions": [
                    "versions.yml:md5,11341948db2808b223cc6f74b48dcc90"
                ]
            }
        ],
        "timestamp": "2026-07-30T00:05:57.464043805",
        "meta": {
            "nf-test": "0.9.5",
            "nextflow": "24.04.2"
        }
    },
    "sopa_patchifyimage - zarr - stub": {
        "content": [
            {
                "0": [
                    [
                        {
                            "id": "test"
                        },
                        "patches_file_image:md5,b026324c6904b2a9cb4b88d6d61c81d1",
                        "image_patches:md5,d41d8cd98f00b204e9800998ecf8427e"
                    ]
                ],
                "1": [
                    "versions.yml:md5,11341948db2808b223cc6f74b48dcc90"
                ],
                "patches": [
                    [
                        {
                            "id": "test"
                        },
                        "patches_file_image:md5,b026324c6904b2a9cb4b88d6d61c81d1",
                        "image_patches:md5,d41d8cd98f00b204e9800998ecf8427e"
                    ]
                ],
                "versions": [
                    "versions.yml:md5,11341948db2808b223cc6f74b48dcc90"
                ]
            }
        ],
        "timestamp": "2026-07-30T00:06:02.997345528",
        "meta": {
            "nf-test": "0.9.5",
            "nextflow": "24.04.2"
        }
    }
}