{
    "mesmer_segment - tiff": {
        "content": [
            {
                "annotations": [
                    [
                        {
                            "id": "test"
                        },
                        "test.geojson.gz:md5,a9e5773abb4d02acde1efb7d260a09bc"
                    ]
                ],
                "nuclear_tif": [
                    [
                        {
                            "id": "test"
                        },
                        "test_nuclear.tiff:md5,07dc3d7f48a3ebf926fe82d6d68175af"
                    ]
                ],
                "report": [
                    
                ],
                "versions": [
                    "versions.yml:md5,020f6b6c73631bfaf9a42689d3222190",
                    "versions.yml:md5,7b6297bb104ce980748a3b972439d412",
                    "versions.yml:md5,ec8fbc92050f538763cdc496a2986c88"
                ],
                "whole_cell_tif": [
                    [
                        {
                            "id": "test"
                        },
                        "test_whole-cell.tiff:md5,44ffdcf115bfcffbcba7a03276e77561"
                    ]
                ]
            }
        ],
        "timestamp": "2026-07-29T10:54:02.052648452",
        "meta": {
            "nf-test": "0.9.5",
            "nextflow": "24.04.2"
        }
    }
}