{
    "sopa_segment_compartment - tiff - whole-cell": {
        "content": [
            {
                "0": [
                    [
                        {
                            "id": "test"
                        },
                        [
                            [
                                [
                                    "0.parquet:md5,4a6747973bb75ee97447fd29df81250c",
                                    "1.parquet:md5,24f3ca0efdca9ccde276c8ee523a61b7",
                                    "2.parquet:md5,b3c1ae2907f6602619f4f0c0d97b8af4",
                                    "3.parquet:md5,853320ff4e25af116c81409f4d71b4ae",
                                    "4.parquet:md5,e145d165c692c925c557b4e5bbb6f24a",
                                    "5.parquet:md5,37df5f6bc17f2ce180de2a99d0a75780",
                                    "6.parquet:md5,49178fd79ba02f32c9299ac36b79e008",
                                    "7.parquet:md5,8914b485d8bdca6360e80cf6015445cf",
                                    "8.parquet:md5,41d7d6327666d7c982db00f3005f7ed7"
                                ],
                                "patches_file_image:md5,7c5aba41f53293b712fd86d08ed5b36e"
                            ],
                            ".zattrs:md5,5b1624cbfb8945c68cb2c81560b6c34a",
                            ".zgroup:md5,e20297935e73dd0154104d4ea53040ab",
                            [
                                ".zgroup:md5,e20297935e73dd0154104d4ea53040ab",
                                [
                                    ".zattrs:md5,6eb7f30f2fd06c5545b10ef449c4dfe2",
                                    ".zgroup:md5,e20297935e73dd0154104d4ea53040ab",
                                    [
                                        ".zarray:md5,693c1a6da0b95db2dcbeef6cdd71799b",
                                        [
                                            [
                                                "0:md5,145adf06fce482a5962026e847ba34bc"
                                            ]
                                        ],
                                        [
                                            [
                                                "0:md5,bda4a0f66e52d9e7010d7315fe223723"
                                            ]
                                        ],
                                        [
                                            [
                                                "0:md5,145adf06fce482a5962026e847ba34bc"
                                            ]
                                        ]
                                    ],
                                    [
                                        ".zarray:md5,d0b0a330e9253e2f8f5371781c776278",
                                        [
                                            [
                                                "0:md5,5bad6c314a4c2a971a866c29f26737bb"
                                            ]
                                        ],
                                        [
                                            [
                                                "0:md5,e0f5c1b3f64c87c25e4a7b86f1667927"
                                            ]
                                        ],
                                        [
                                            [
                                                "0:md5,5bad6c314a4c2a971a866c29f26737bb"
                                            ]
                                        ]
                                    ],
                                    [
                                        ".zarray:md5,52ff9c3163107de97ee187763db1ae23",
                                        [
                                            [
                                                "0:md5,598ed11b166b832625be3f2ddbd6ecd2"
                                            ]
                                        ],
                                        [
                                            [
                                                "0:md5,78866146a797efe42b527b15d26ab90e"
                                            ]
                                        ],
                                        [
                                            [
                                                "0:md5,598ed11b166b832625be3f2ddbd6ecd2"
                                            ]
                                        ]
                                    ],
                                    [
                                        ".zarray:md5,51793604f7aa317fb8b81244e07e021e",
                                        [
                                            [
                                                "0:md5,cc8fab9e913769032dd5403aea144cf7"
                                            ]
                                        ],
                                        [
                                            [
                                                "0:md5,78ddb0bb5197b0ce35fcfd9d549ee7fa"
                                            ]
                                        ],
                                        [
                                            [
                                                "0:md5,cc8fab9e913769032dd5403aea144cf7"
                                            ]
                                        ]
                                    ],
                                    [
                                        ".zarray:md5,9fe13f0f19532d31d6ef189dd85135a2",
                                        [
                                            [
                                                "0:md5,f5a4b64cd322ed6cb509fb338d78bbc9"
                                            ]
                                        ],
                                        [
                                            [
                                                "0:md5,0c5dc99a0d1979df7d498a20555f9057"
                                            ]
                                        ],
                                        [
                                            [
                                                "0:md5,f5a4b64cd322ed6cb509fb338d78bbc9"
                                            ]
                                        ]
                                    ]
                                ]
                            ],
                            [
                                ".zgroup:md5,e20297935e73dd0154104d4ea53040ab",
                                [
                                    ".zattrs:md5,37c0eabf77e69009a9f0c878e69ea262",
                                    ".zgroup:md5,e20297935e73dd0154104d4ea53040ab",
                                    "shapes.parquet:md5,4bb0003cd3135236723901e5a2864c99"
                                ],
                                [
                                    ".zattrs:md5,37c0eabf77e69009a9f0c878e69ea262",
                                    ".zgroup:md5,e20297935e73dd0154104d4ea53040ab",
                                    "shapes.parquet:md5,b7144210319d46dfcd545b9a59368d79"
                                ]
                            ],
                            "zmetadata:md5,de568dce6924e52a7c25150fb5768b33"
                        ]
                    ]
                ],
                "1": [
                    [
                        {
                            "id": "test"
                        },
                        "test_whole-cell.tiff:md5,64c2d4bee525ed8f9ac38b6bee290bec"
                    ]
                ],
                "2": [
                    "versions.yml:md5,49a1720f2a84a49cdc275753a0520d9b",
                    "versions.yml:md5,6a3b91ba67e84aeb9eb9c3965363c5ac",
                    "versions.yml:md5,886b81c4ac10fcf574bb5842a7088304",
                    "versions.yml:md5,9d57548309c95ae9e205acde40c4fc09"
                ],
                "tiff": [
                    [
                        {
                            "id": "test"
                        },
                        "test_whole-cell.tiff:md5,64c2d4bee525ed8f9ac38b6bee290bec"
                    ]
                ],
                "versions": [
                    "versions.yml:md5,49a1720f2a84a49cdc275753a0520d9b",
                    "versions.yml:md5,6a3b91ba67e84aeb9eb9c3965363c5ac",
                    "versions.yml:md5,886b81c4ac10fcf574bb5842a7088304",
                    "versions.yml:md5,9d57548309c95ae9e205acde40c4fc09"
                ],
                "zarr": [
                    [
                        {
                            "id": "test"
                        },
                        [
                            [
                                [
                                    "0.parquet:md5,4a6747973bb75ee97447fd29df81250c",
                                    "1.parquet:md5,24f3ca0efdca9ccde276c8ee523a61b7",
                                    "2.parquet:md5,b3c1ae2907f6602619f4f0c0d97b8af4",
                                    "3.parquet:md5,853320ff4e25af116c81409f4d71b4ae",
                                    "4.parquet:md5,e145d165c692c925c557b4e5bbb6f24a",
                                    "5.parquet:md5,37df5f6bc17f2ce180de2a99d0a75780",
                                    "6.parquet:md5,49178fd79ba02f32c9299ac36b79e008",
                                    "7.parquet:md5,8914b485d8bdca6360e80cf6015445cf",
                                    "8.parquet:md5,41d7d6327666d7c982db00f3005f7ed7"
                                ],
                                "patches_file_image:md5,7c5aba41f53293b712fd86d08ed5b36e"
                            ],
                            ".zattrs:md5,5b1624cbfb8945c68cb2c81560b6c34a",
                            ".zgroup:md5,e20297935e73dd0154104d4ea53040ab",
                            [
                                ".zgroup:md5,e20297935e73dd0154104d4ea53040ab",
                                [
                                    ".zattrs:md5,6eb7f30f2fd06c5545b10ef449c4dfe2",
                                    ".zgroup:md5,e20297935e73dd0154104d4ea53040ab",
                                    [
                                        ".zarray:md5,693c1a6da0b95db2dcbeef6cdd71799b",
                                        [
                                            [
                                                "0:md5,145adf06fce482a5962026e847ba34bc"
                                            ]
                                        ],
                                        [
                                            [
                                                "0:md5,bda4a0f66e52d9e7010d7315fe223723"
                                            ]
                                        ],
                                        [
                                            [
                                                "0:md5,145adf06fce482a5962026e847ba34bc"
                                            ]
                                        ]
                                    ],
                                    [
                                        ".zarray:md5,d0b0a330e9253e2f8f5371781c776278",
                                        [
                                            [
                                                "0:md5,5bad6c314a4c2a971a866c29f26737bb"
                                            ]
                                        ],
                                        [
                                            [
                                                "0:md5,e0f5c1b3f64c87c25e4a7b86f1667927"
                                            ]
                                        ],
                                        [
                                            [
                                                "0:md5,5bad6c314a4c2a971a866c29f26737bb"
                                            ]
                                        ]
                                    ],
                                    [
                                        ".zarray:md5,52ff9c3163107de97ee187763db1ae23",
                                        [
                                            [
                                                "0:md5,598ed11b166b832625be3f2ddbd6ecd2"
                                            ]
                                        ],
                                        [
                                            [
                                                "0:md5,78866146a797efe42b527b15d26ab90e"
                                            ]
                                        ],
                                        [
                                            [
                                                "0:md5,598ed11b166b832625be3f2ddbd6ecd2"
                                            ]
                                        ]
                                    ],
                                    [
                                        ".zarray:md5,51793604f7aa317fb8b81244e07e021e",
                                        [
                                            [
                                                "0:md5,cc8fab9e913769032dd5403aea144cf7"
                                            ]
                                        ],
                                        [
                                            [
                                                "0:md5,78ddb0bb5197b0ce35fcfd9d549ee7fa"
                                            ]
                                        ],
                                        [
                                            [
                                                "0:md5,cc8fab9e913769032dd5403aea144cf7"
                                            ]
                                        ]
                                    ],
                                    [
                                        ".zarray:md5,9fe13f0f19532d31d6ef189dd85135a2",
                                        [
                                            [
                                                "0:md5,f5a4b64cd322ed6cb509fb338d78bbc9"
                                            ]
                                        ],
                                        [
                                            [
                                                "0:md5,0c5dc99a0d1979df7d498a20555f9057"
                                            ]
                                        ],
                                        [
                                            [
                                                "0:md5,f5a4b64cd322ed6cb509fb338d78bbc9"
                                            ]
                                        ]
                                    ]
                                ]
                            ],
                            [
                                ".zgroup:md5,e20297935e73dd0154104d4ea53040ab",
                                [
                                    ".zattrs:md5,37c0eabf77e69009a9f0c878e69ea262",
                                    ".zgroup:md5,e20297935e73dd0154104d4ea53040ab",
                                    "shapes.parquet:md5,4bb0003cd3135236723901e5a2864c99"
                                ],
                                [
                                    ".zattrs:md5,37c0eabf77e69009a9f0c878e69ea262",
                                    ".zgroup:md5,e20297935e73dd0154104d4ea53040ab",
                                    "shapes.parquet:md5,b7144210319d46dfcd545b9a59368d79"
                                ]
                            ],
                            "zmetadata:md5,de568dce6924e52a7c25150fb5768b33"
                        ]
                    ]
                ]
            }
        ],
        "timestamp": "2026-07-29T18:44:55.390477082",
        "meta": {
            "nf-test": "0.9.5",
            "nextflow": "24.04.2"
        }
    },
    "sopa_segment - tiff - whole-cell": {
        "content": [
            {
                "0": [
                    [
                        {
                            "id": "test"
                        },
                        [
                            [
                                [
                                    "0.parquet:md5,767d788e69a0d57927a2c1632f42f8db"
                                ],
                                "patches_file_image:md5,b026324c6904b2a9cb4b88d6d61c81d1"
                            ],
                            ".zattrs:md5,f73562e0c37fb0115b37794a1a74974b",
                            ".zgroup:md5,e20297935e73dd0154104d4ea53040ab",
                            [
                                ".zgroup:md5,e20297935e73dd0154104d4ea53040ab",
                                [
                                    ".zattrs:md5,88568da6903af9fe0e018987dc08cae8",
                                    ".zgroup:md5,e20297935e73dd0154104d4ea53040ab",
                                    [
                                        ".zarray:md5,693c1a6da0b95db2dcbeef6cdd71799b",
                                        [
                                            [
                                                "0:md5,145adf06fce482a5962026e847ba34bc"
                                            ]
                                        ],
                                        [
                                            [
                                                "0:md5,bda4a0f66e52d9e7010d7315fe223723"
                                            ]
                                        ],
                                        [
                                            [
                                                "0:md5,145adf06fce482a5962026e847ba34bc"
                                            ]
                                        ]
                                    ],
                                    [
                                        ".zarray:md5,d0b0a330e9253e2f8f5371781c776278",
                                        [
                                            [
                                                "0:md5,5bad6c314a4c2a971a866c29f26737bb"
                                            ]
                                        ],
                                        [
                                            [
                                                "0:md5,e0f5c1b3f64c87c25e4a7b86f1667927"
                                            ]
                                        ],
                                        [
                                            [
                                                "0:md5,5bad6c314a4c2a971a866c29f26737bb"
                                            ]
                                        ]
                                    ],
                                    [
                                        ".zarray:md5,52ff9c3163107de97ee187763db1ae23",
                                        [
                                            [
                                                "0:md5,598ed11b166b832625be3f2ddbd6ecd2"
                                            ]
                                        ],
                                        [
                                            [
                                                "0:md5,78866146a797efe42b527b15d26ab90e"
                                            ]
                                        ],
                                        [
                                            [
                                                "0:md5,598ed11b166b832625be3f2ddbd6ecd2"
                                            ]
                                        ]
                                    ],
                                    [
                                        ".zarray:md5,51793604f7aa317fb8b81244e07e021e",
                                        [
                                            [
                                                "0:md5,cc8fab9e913769032dd5403aea144cf7"
                                            ]
                                        ],
                                        [
                                            [
                                                "0:md5,78ddb0bb5197b0ce35fcfd9d549ee7fa"
                                            ]
                                        ],
                                        [
                                            [
                                                "0:md5,cc8fab9e913769032dd5403aea144cf7"
                                            ]
                                        ]
                                    ],
                                    [
                                        ".zarray:md5,9fe13f0f19532d31d6ef189dd85135a2",
                                        [
                                            [
                                                "0:md5,f5a4b64cd322ed6cb509fb338d78bbc9"
                                            ]
                                        ],
                                        [
                                            [
                                                "0:md5,0c5dc99a0d1979df7d498a20555f9057"
                                            ]
                                        ],
                                        [
                                            [
                                                "0:md5,f5a4b64cd322ed6cb509fb338d78bbc9"
                                            ]
                                        ]
                                    ]
                                ]
                            ],
                            [
                                ".zgroup:md5,e20297935e73dd0154104d4ea53040ab",
                                [
                                    ".zattrs:md5,3092d7fd5d51b39416853b3c74211344",
                                    ".zgroup:md5,e20297935e73dd0154104d4ea53040ab",
                                    "shapes.parquet:md5,b0fb6187c4c7df4dff353ad918b02e37"
                                ],
                                [
                                    ".zattrs:md5,3092d7fd5d51b39416853b3c74211344",
                                    ".zgroup:md5,e20297935e73dd0154104d4ea53040ab",
                                    "shapes.parquet:md5,1d72741f51032c25f60816665ba7506b"
                                ]
                            ],
                            "zmetadata:md5,a3a0a0335a8f02b5aeb807496769d4dd"
                        ]
                    ]
                ],
                "1": [
                    [
                        {
                            "id": "test"
                        },
                        "test_whole-cell.tiff:md5,6df6ba77ef83b5c5f3c1e22c13efe363"
                    ]
                ],
                "2": [
                    
                ],
                "tiff": [
                    [
                        {
                            "id": "test"
                        },
                        "test_whole-cell.tiff:md5,6df6ba77ef83b5c5f3c1e22c13efe363"
                    ]
                ],
                "versions": [
                    
                ],
                "zarr": [
                    [
                        {
                            "id": "test"
                        },
                        [
                            [
                                [
                                    "0.parquet:md5,767d788e69a0d57927a2c1632f42f8db"
                                ],
                                "patches_file_image:md5,b026324c6904b2a9cb4b88d6d61c81d1"
                            ],
                            ".zattrs:md5,f73562e0c37fb0115b37794a1a74974b",
                            ".zgroup:md5,e20297935e73dd0154104d4ea53040ab",
                            [
                                ".zgroup:md5,e20297935e73dd0154104d4ea53040ab",
                                [
                                    ".zattrs:md5,88568da6903af9fe0e018987dc08cae8",
                                    ".zgroup:md5,e20297935e73dd0154104d4ea53040ab",
                                    [
                                        ".zarray:md5,693c1a6da0b95db2dcbeef6cdd71799b",
                                        [
                                            [
                                                "0:md5,145adf06fce482a5962026e847ba34bc"
                                            ]
                                        ],
                                        [
                                            [
                                                "0:md5,bda4a0f66e52d9e7010d7315fe223723"
                                            ]
                                        ],
                                        [
                                            [
                                                "0:md5,145adf06fce482a5962026e847ba34bc"
                                            ]
                                        ]
                                    ],
                                    [
                                        ".zarray:md5,d0b0a330e9253e2f8f5371781c776278",
                                        [
                                            [
                                                "0:md5,5bad6c314a4c2a971a866c29f26737bb"
                                            ]
                                        ],
                                        [
                                            [
                                                "0:md5,e0f5c1b3f64c87c25e4a7b86f1667927"
                                            ]
                                        ],
                                        [
                                            [
                                                "0:md5,5bad6c314a4c2a971a866c29f26737bb"
                                            ]
                                        ]
                                    ],
                                    [
                                        ".zarray:md5,52ff9c3163107de97ee187763db1ae23",
                                        [
                                            [
                                                "0:md5,598ed11b166b832625be3f2ddbd6ecd2"
                                            ]
                                        ],
                                        [
                                            [
                                                "0:md5,78866146a797efe42b527b15d26ab90e"
                                            ]
                                        ],
                                        [
                                            [
                                                "0:md5,598ed11b166b832625be3f2ddbd6ecd2"
                                            ]
                                        ]
                                    ],
                                    [
                                        ".zarray:md5,51793604f7aa317fb8b81244e07e021e",
                                        [
                                            [
                                                "0:md5,cc8fab9e913769032dd5403aea144cf7"
                                            ]
                                        ],
                                        [
                                            [
                                                "0:md5,78ddb0bb5197b0ce35fcfd9d549ee7fa"
                                            ]
                                        ],
                                        [
                                            [
                                                "0:md5,cc8fab9e913769032dd5403aea144cf7"
                                            ]
                                        ]
                                    ],
                                    [
                                        ".zarray:md5,9fe13f0f19532d31d6ef189dd85135a2",
                                        [
                                            [
                                                "0:md5,f5a4b64cd322ed6cb509fb338d78bbc9"
                                            ]
                                        ],
                                        [
                                            [
                                                "0:md5,0c5dc99a0d1979df7d498a20555f9057"
                                            ]
                                        ],
                                        [
                                            [
                                                "0:md5,f5a4b64cd322ed6cb509fb338d78bbc9"
                                            ]
                                        ]
                                    ]
                                ]
                            ],
                            [
                                ".zgroup:md5,e20297935e73dd0154104d4ea53040ab",
                                [
                                    ".zattrs:md5,3092d7fd5d51b39416853b3c74211344",
                                    ".zgroup:md5,e20297935e73dd0154104d4ea53040ab",
                                    "shapes.parquet:md5,b0fb6187c4c7df4dff353ad918b02e37"
                                ],
                                [
                                    ".zattrs:md5,3092d7fd5d51b39416853b3c74211344",
                                    ".zgroup:md5,e20297935e73dd0154104d4ea53040ab",
                                    "shapes.parquet:md5,1d72741f51032c25f60816665ba7506b"
                                ]
                            ],
                            "zmetadata:md5,a3a0a0335a8f02b5aeb807496769d4dd"
                        ]
                    ]
                ]
            }
        ],
        "timestamp": "2025-07-22T12:22:38.860786592",
        "meta": {
            "nf-test": "0.9.2",
            "nextflow": "25.04.4"
        }
    },
    "sopa_segment_compartment - tiff - nuclear": {
        "content": [
            {
                "0": [
                    [
                        {
                            "id": "test"
                        },
                        [
                            [
                                [
                                    "0.parquet:md5,1d2c1c87753d2309c573ddfc3172cc89",
                                    "1.parquet:md5,09f4e03fa7315b55617d6efca6673530",
                                    "2.parquet:md5,979aac9045f6d47d25253d9e25c8b8ba",
                                    "3.parquet:md5,94e867c31d131edd0dac23e6739bf9d6",
                                    "4.parquet:md5,14353d5cb3dad58f08fee6e9b30c9249",
                                    "5.parquet:md5,050cf6705e9ac6e0c053ee586953853a",
                                    "6.parquet:md5,18a3366b2cdcbf4dc61bab61ca97e796",
                                    "7.parquet:md5,02371670452a0742eddeb01ba96e99d5",
                                    "8.parquet:md5,4d292caa381a54949733b06c9d6f907f"
                                ],
                                "patches_file_image:md5,7c5aba41f53293b712fd86d08ed5b36e"
                            ],
                            ".zattrs:md5,5b1624cbfb8945c68cb2c81560b6c34a",
                            ".zgroup:md5,e20297935e73dd0154104d4ea53040ab",
                            [
                                ".zgroup:md5,e20297935e73dd0154104d4ea53040ab",
                                [
                                    ".zattrs:md5,6eb7f30f2fd06c5545b10ef449c4dfe2",
                                    ".zgroup:md5,e20297935e73dd0154104d4ea53040ab",
                                    [
                                        ".zarray:md5,693c1a6da0b95db2dcbeef6cdd71799b",
                                        [
                                            [
                                                "0:md5,145adf06fce482a5962026e847ba34bc"
                                            ]
                                        ],
                                        [
                                            [
                                                "0:md5,bda4a0f66e52d9e7010d7315fe223723"
                                            ]
                                        ],
                                        [
                                            [
                                                "0:md5,145adf06fce482a5962026e847ba34bc"
                                            ]
                                        ]
                                    ],
                                    [
                                        ".zarray:md5,d0b0a330e9253e2f8f5371781c776278",
                                        [
                                            [
                                                "0:md5,5bad6c314a4c2a971a866c29f26737bb"
                                            ]
                                        ],
                                        [
                                            [
                                                "0:md5,e0f5c1b3f64c87c25e4a7b86f1667927"
                                            ]
                                        ],
                                        [
                                            [
                                                "0:md5,5bad6c314a4c2a971a866c29f26737bb"
                                            ]
                                        ]
                                    ],
                                    [
                                        ".zarray:md5,52ff9c3163107de97ee187763db1ae23",
                                        [
                                            [
                                                "0:md5,598ed11b166b832625be3f2ddbd6ecd2"
                                            ]
                                        ],
                                        [
                                            [
                                                "0:md5,78866146a797efe42b527b15d26ab90e"
                                            ]
                                        ],
                                        [
                                            [
                                                "0:md5,598ed11b166b832625be3f2ddbd6ecd2"
                                            ]
                                        ]
                                    ],
                                    [
                                        ".zarray:md5,51793604f7aa317fb8b81244e07e021e",
                                        [
                                            [
                                                "0:md5,cc8fab9e913769032dd5403aea144cf7"
                                            ]
                                        ],
                                        [
                                            [
                                                "0:md5,78ddb0bb5197b0ce35fcfd9d549ee7fa"
                                            ]
                                        ],
                                        [
                                            [
                                                "0:md5,cc8fab9e913769032dd5403aea144cf7"
                                            ]
                                        ]
                                    ],
                                    [
                                        ".zarray:md5,9fe13f0f19532d31d6ef189dd85135a2",
                                        [
                                            [
                                                "0:md5,f5a4b64cd322ed6cb509fb338d78bbc9"
                                            ]
                                        ],
                                        [
                                            [
                                                "0:md5,0c5dc99a0d1979df7d498a20555f9057"
                                            ]
                                        ],
                                        [
                                            [
                                                "0:md5,f5a4b64cd322ed6cb509fb338d78bbc9"
                                            ]
                                        ]
                                    ]
                                ]
                            ],
                            [
                                ".zgroup:md5,e20297935e73dd0154104d4ea53040ab",
                                [
                                    ".zattrs:md5,37c0eabf77e69009a9f0c878e69ea262",
                                    ".zgroup:md5,e20297935e73dd0154104d4ea53040ab",
                                    "shapes.parquet:md5,fc3ab769e967239ccfb6ca9cec780e59"
                                ],
                                [
                                    ".zattrs:md5,37c0eabf77e69009a9f0c878e69ea262",
                                    ".zgroup:md5,e20297935e73dd0154104d4ea53040ab",
                                    "shapes.parquet:md5,b7144210319d46dfcd545b9a59368d79"
                                ]
                            ],
                            "zmetadata:md5,de568dce6924e52a7c25150fb5768b33"
                        ]
                    ]
                ],
                "1": [
                    [
                        {
                            "id": "test"
                        },
                        "test_nuclear.tiff:md5,a9b4c304882462721430267d8ffa5260"
                    ]
                ],
                "2": [
                    "versions.yml:md5,49a1720f2a84a49cdc275753a0520d9b",
                    "versions.yml:md5,6a3b91ba67e84aeb9eb9c3965363c5ac",
                    "versions.yml:md5,886b81c4ac10fcf574bb5842a7088304",
                    "versions.yml:md5,9d57548309c95ae9e205acde40c4fc09"
                ],
                "tiff": [
                    [
                        {
                            "id": "test"
                        },
                        "test_nuclear.tiff:md5,a9b4c304882462721430267d8ffa5260"
                    ]
                ],
                "versions": [
                    "versions.yml:md5,49a1720f2a84a49cdc275753a0520d9b",
                    "versions.yml:md5,6a3b91ba67e84aeb9eb9c3965363c5ac",
                    "versions.yml:md5,886b81c4ac10fcf574bb5842a7088304",
                    "versions.yml:md5,9d57548309c95ae9e205acde40c4fc09"
                ],
                "zarr": [
                    [
                        {
                            "id": "test"
                        },
                        [
                            [
                                [
                                    "0.parquet:md5,1d2c1c87753d2309c573ddfc3172cc89",
                                    "1.parquet:md5,09f4e03fa7315b55617d6efca6673530",
                                    "2.parquet:md5,979aac9045f6d47d25253d9e25c8b8ba",
                                    "3.parquet:md5,94e867c31d131edd0dac23e6739bf9d6",
                                    "4.parquet:md5,14353d5cb3dad58f08fee6e9b30c9249",
                                    "5.parquet:md5,050cf6705e9ac6e0c053ee586953853a",
                                    "6.parquet:md5,18a3366b2cdcbf4dc61bab61ca97e796",
                                    "7.parquet:md5,02371670452a0742eddeb01ba96e99d5",
                                    "8.parquet:md5,4d292caa381a54949733b06c9d6f907f"
                                ],
                                "patches_file_image:md5,7c5aba41f53293b712fd86d08ed5b36e"
                            ],
                            ".zattrs:md5,5b1624cbfb8945c68cb2c81560b6c34a",
                            ".zgroup:md5,e20297935e73dd0154104d4ea53040ab",
                            [
                                ".zgroup:md5,e20297935e73dd0154104d4ea53040ab",
                                [
                                    ".zattrs:md5,6eb7f30f2fd06c5545b10ef449c4dfe2",
                                    ".zgroup:md5,e20297935e73dd0154104d4ea53040ab",
                                    [
                                        ".zarray:md5,693c1a6da0b95db2dcbeef6cdd71799b",
                                        [
                                            [
                                                "0:md5,145adf06fce482a5962026e847ba34bc"
                                            ]
                                        ],
                                        [
                                            [
                                                "0:md5,bda4a0f66e52d9e7010d7315fe223723"
                                            ]
                                        ],
                                        [
                                            [
                                                "0:md5,145adf06fce482a5962026e847ba34bc"
                                            ]
                                        ]
                                    ],
                                    [
                                        ".zarray:md5,d0b0a330e9253e2f8f5371781c776278",
                                        [
                                            [
                                                "0:md5,5bad6c314a4c2a971a866c29f26737bb"
                                            ]
                                        ],
                                        [
                                            [
                                                "0:md5,e0f5c1b3f64c87c25e4a7b86f1667927"
                                            ]
                                        ],
                                        [
                                            [
                                                "0:md5,5bad6c314a4c2a971a866c29f26737bb"
                                            ]
                                        ]
                                    ],
                                    [
                                        ".zarray:md5,52ff9c3163107de97ee187763db1ae23",
                                        [
                                            [
                                                "0:md5,598ed11b166b832625be3f2ddbd6ecd2"
                                            ]
                                        ],
                                        [
                                            [
                                                "0:md5,78866146a797efe42b527b15d26ab90e"
                                            ]
                                        ],
                                        [
                                            [
                                                "0:md5,598ed11b166b832625be3f2ddbd6ecd2"
                                            ]
                                        ]
                                    ],
                                    [
                                        ".zarray:md5,51793604f7aa317fb8b81244e07e021e",
                                        [
                                            [
                                                "0:md5,cc8fab9e913769032dd5403aea144cf7"
                                            ]
                                        ],
                                        [
                                            [
                                                "0:md5,78ddb0bb5197b0ce35fcfd9d549ee7fa"
                                            ]
                                        ],
                                        [
                                            [
                                                "0:md5,cc8fab9e913769032dd5403aea144cf7"
                                            ]
                                        ]
                                    ],
                                    [
                                        ".zarray:md5,9fe13f0f19532d31d6ef189dd85135a2",
                                        [
                                            [
                                                "0:md5,f5a4b64cd322ed6cb509fb338d78bbc9"
                                            ]
                                        ],
                                        [
                                            [
                                                "0:md5,0c5dc99a0d1979df7d498a20555f9057"
                                            ]
                                        ],
                                        [
                                            [
                                                "0:md5,f5a4b64cd322ed6cb509fb338d78bbc9"
                                            ]
                                        ]
                                    ]
                                ]
                            ],
                            [
                                ".zgroup:md5,e20297935e73dd0154104d4ea53040ab",
                                [
                                    ".zattrs:md5,37c0eabf77e69009a9f0c878e69ea262",
                                    ".zgroup:md5,e20297935e73dd0154104d4ea53040ab",
                                    "shapes.parquet:md5,fc3ab769e967239ccfb6ca9cec780e59"
                                ],
                                [
                                    ".zattrs:md5,37c0eabf77e69009a9f0c878e69ea262",
                                    ".zgroup:md5,e20297935e73dd0154104d4ea53040ab",
                                    "shapes.parquet:md5,b7144210319d46dfcd545b9a59368d79"
                                ]
                            ],
                            "zmetadata:md5,de568dce6924e52a7c25150fb5768b33"
                        ]
                    ]
                ]
            }
        ],
        "timestamp": "2026-07-29T19:11:22.512764705",
        "meta": {
            "nf-test": "0.9.5",
            "nextflow": "24.04.2"
        }
    },
    "sopa_segment - tiff - nuclear": {
        "content": [
            {
                "0": [
                    [
                        {
                            "id": "test"
                        },
                        [
                            [
                                "patches_file_image:md5,b026324c6904b2a9cb4b88d6d61c81d1"
                            ],
                            ".zattrs:md5,f73562e0c37fb0115b37794a1a74974b",
                            ".zgroup:md5,e20297935e73dd0154104d4ea53040ab",
                            [
                                ".zgroup:md5,e20297935e73dd0154104d4ea53040ab",
                                [
                                    ".zattrs:md5,88568da6903af9fe0e018987dc08cae8",
                                    ".zgroup:md5,e20297935e73dd0154104d4ea53040ab",
                                    [
                                        ".zarray:md5,693c1a6da0b95db2dcbeef6cdd71799b",
                                        [
                                            [
                                                "0:md5,145adf06fce482a5962026e847ba34bc"
                                            ]
                                        ],
                                        [
                                            [
                                                "0:md5,bda4a0f66e52d9e7010d7315fe223723"
                                            ]
                                        ],
                                        [
                                            [
                                                "0:md5,145adf06fce482a5962026e847ba34bc"
                                            ]
                                        ]
                                    ],
                                    [
                                        ".zarray:md5,d0b0a330e9253e2f8f5371781c776278",
                                        [
                                            [
                                                "0:md5,5bad6c314a4c2a971a866c29f26737bb"
                                            ]
                                        ],
                                        [
                                            [
                                                "0:md5,e0f5c1b3f64c87c25e4a7b86f1667927"
                                            ]
                                        ],
                                        [
                                            [
                                                "0:md5,5bad6c314a4c2a971a866c29f26737bb"
                                            ]
                                        ]
                                    ],
                                    [
                                        ".zarray:md5,52ff9c3163107de97ee187763db1ae23",
                                        [
                                            [
                                                "0:md5,598ed11b166b832625be3f2ddbd6ecd2"
                                            ]
                                        ],
                                        [
                                            [
                                                "0:md5,78866146a797efe42b527b15d26ab90e"
                                            ]
                                        ],
                                        [
                                            [
                                                "0:md5,598ed11b166b832625be3f2ddbd6ecd2"
                                            ]
                                        ]
                                    ],
                                    [
                                        ".zarray:md5,51793604f7aa317fb8b81244e07e021e",
                                        [
                                            [
                                                "0:md5,cc8fab9e913769032dd5403aea144cf7"
                                            ]
                                        ],
                                        [
                                            [
                                                "0:md5,78ddb0bb5197b0ce35fcfd9d549ee7fa"
                                            ]
                                        ],
                                        [
                                            [
                                                "0:md5,cc8fab9e913769032dd5403aea144cf7"
                                            ]
                                        ]
                                    ],
                                    [
                                        ".zarray:md5,9fe13f0f19532d31d6ef189dd85135a2",
                                        [
                                            [
                                                "0:md5,f5a4b64cd322ed6cb509fb338d78bbc9"
                                            ]
                                        ],
                                        [
                                            [
                                                "0:md5,0c5dc99a0d1979df7d498a20555f9057"
                                            ]
                                        ],
                                        [
                                            [
                                                "0:md5,f5a4b64cd322ed6cb509fb338d78bbc9"
                                            ]
                                        ]
                                    ]
                                ]
                            ],
                            [
                                ".zgroup:md5,e20297935e73dd0154104d4ea53040ab",
                                [
                                    ".zattrs:md5,3092d7fd5d51b39416853b3c74211344",
                                    ".zgroup:md5,e20297935e73dd0154104d4ea53040ab",
                                    "shapes.parquet:md5,1d72741f51032c25f60816665ba7506b"
                                ]
                            ],
                            "zmetadata:md5,a3a0a0335a8f02b5aeb807496769d4dd"
                        ]
                    ]
                ],
                "1": [
                    
                ],
                "2": [
                    
                ],
                "tiff": [
                    
                ],
                "versions": [
                    
                ],
                "zarr": [
                    [
                        {
                            "id": "test"
                        },
                        [
                            [
                                "patches_file_image:md5,b026324c6904b2a9cb4b88d6d61c81d1"
                            ],
                            ".zattrs:md5,f73562e0c37fb0115b37794a1a74974b",
                            ".zgroup:md5,e20297935e73dd0154104d4ea53040ab",
                            [
                                ".zgroup:md5,e20297935e73dd0154104d4ea53040ab",
                                [
                                    ".zattrs:md5,88568da6903af9fe0e018987dc08cae8",
                                    ".zgroup:md5,e20297935e73dd0154104d4ea53040ab",
                                    [
                                        ".zarray:md5,693c1a6da0b95db2dcbeef6cdd71799b",
                                        [
                                            [
                                                "0:md5,145adf06fce482a5962026e847ba34bc"
                                            ]
                                        ],
                                        [
                                            [
                                                "0:md5,bda4a0f66e52d9e7010d7315fe223723"
                                            ]
                                        ],
                                        [
                                            [
                                                "0:md5,145adf06fce482a5962026e847ba34bc"
                                            ]
                                        ]
                                    ],
                                    [
                                        ".zarray:md5,d0b0a330e9253e2f8f5371781c776278",
                                        [
                                            [
                                                "0:md5,5bad6c314a4c2a971a866c29f26737bb"
                                            ]
                                        ],
                                        [
                                            [
                                                "0:md5,e0f5c1b3f64c87c25e4a7b86f1667927"
                                            ]
                                        ],
                                        [
                                            [
                                                "0:md5,5bad6c314a4c2a971a866c29f26737bb"
                                            ]
                                        ]
                                    ],
                                    [
                                        ".zarray:md5,52ff9c3163107de97ee187763db1ae23",
                                        [
                                            [
                                                "0:md5,598ed11b166b832625be3f2ddbd6ecd2"
                                            ]
                                        ],
                                        [
                                            [
                                                "0:md5,78866146a797efe42b527b15d26ab90e"
                                            ]
                                        ],
                                        [
                                            [
                                                "0:md5,598ed11b166b832625be3f2ddbd6ecd2"
                                            ]
                                        ]
                                    ],
                                    [
                                        ".zarray:md5,51793604f7aa317fb8b81244e07e021e",
                                        [
                                            [
                                                "0:md5,cc8fab9e913769032dd5403aea144cf7"
                                            ]
                                        ],
                                        [
                                            [
                                                "0:md5,78ddb0bb5197b0ce35fcfd9d549ee7fa"
                                            ]
                                        ],
                                        [
                                            [
                                                "0:md5,cc8fab9e913769032dd5403aea144cf7"
                                            ]
                                        ]
                                    ],
                                    [
                                        ".zarray:md5,9fe13f0f19532d31d6ef189dd85135a2",
                                        [
                                            [
                                                "0:md5,f5a4b64cd322ed6cb509fb338d78bbc9"
                                            ]
                                        ],
                                        [
                                            [
                                                "0:md5,0c5dc99a0d1979df7d498a20555f9057"
                                            ]
                                        ],
                                        [
                                            [
                                                "0:md5,f5a4b64cd322ed6cb509fb338d78bbc9"
                                            ]
                                        ]
                                    ]
                                ]
                            ],
                            [
                                ".zgroup:md5,e20297935e73dd0154104d4ea53040ab",
                                [
                                    ".zattrs:md5,3092d7fd5d51b39416853b3c74211344",
                                    ".zgroup:md5,e20297935e73dd0154104d4ea53040ab",
                                    "shapes.parquet:md5,1d72741f51032c25f60816665ba7506b"
                                ]
                            ],
                            "zmetadata:md5,a3a0a0335a8f02b5aeb807496769d4dd"
                        ]
                    ]
                ]
            }
        ],
        "timestamp": "2025-07-22T12:23:29.614171908",
        "meta": {
            "nf-test": "0.9.2",
            "nextflow": "25.04.4"
        }
    }
}