{
    "sopa_segment_compartment - tiff - whole-cell": {
        "content": [
            {
                "0": [
                    [
                        {
                            "id": "test"
                        },
                        [
                            [
                                [
                                    "0.parquet:md5,a87466f553760b13b5cd0d8d28fd3936",
                                    "1.parquet:md5,a70e84e81a474a28af4d6924ac9852e3",
                                    "2.parquet:md5,2756ad28463b4705d81f617eba6a7690",
                                    "3.parquet:md5,9570006deedc85ce670cd9235df40071",
                                    "4.parquet:md5,b79d9156ef6d7b00c74b32b31204803a",
                                    "5.parquet:md5,d6670803749ac7364e0ae75e447a47f6",
                                    "6.parquet:md5,11391a79e323cb66ea6aa891f7503b81",
                                    "7.parquet:md5,58cdd3c82bcf2bb8c403306bde9e6fad",
                                    "8.parquet:md5,bf99a1aeee1c8e31eba8ff75f83111f6"
                                ],
                                "patches_file_image:md5,7c5aba41f53293b712fd86d08ed5b36e"
                            ],
                            [
                                [
                                    [
                                        [
                                            [
                                                [
                                                    "0:md5,ad1d574cad101bbd8c1b7eea78e11b11"
                                                ]
                                            ],
                                            [
                                                [
                                                    "0:md5,fbc5cb9ada63fac23708ec558973b592"
                                                ]
                                            ],
                                            [
                                                [
                                                    "0:md5,ad1d574cad101bbd8c1b7eea78e11b11"
                                                ]
                                            ]
                                        ],
                                        "zarr.json:md5,b5cc67ac579a24f7c1963dbe53dedcf1"
                                    ],
                                    [
                                        [
                                            [
                                                [
                                                    "0:md5,f205b41f21c7fafb14fb4c9243280d9e"
                                                ]
                                            ],
                                            [
                                                [
                                                    "0:md5,b691124e3b9e8207febed5c1a0ce12e9"
                                                ]
                                            ],
                                            [
                                                [
                                                    "0:md5,f205b41f21c7fafb14fb4c9243280d9e"
                                                ]
                                            ]
                                        ],
                                        "zarr.json:md5,74402fd2b9029b554fcfaf45350cfe28"
                                    ],
                                    [
                                        [
                                            [
                                                [
                                                    "0:md5,98ef9dc11f22cc931fee7b9e169837dc"
                                                ]
                                            ],
                                            [
                                                [
                                                    "0:md5,1c8e07824785e15afb7597de17af2220"
                                                ]
                                            ],
                                            [
                                                [
                                                    "0:md5,98ef9dc11f22cc931fee7b9e169837dc"
                                                ]
                                            ]
                                        ],
                                        "zarr.json:md5,f7510277ca1f9696f932fdc2497df47a"
                                    ],
                                    [
                                        [
                                            [
                                                [
                                                    "0:md5,42152c64399fe03dfad62aec553afd6e"
                                                ]
                                            ],
                                            [
                                                [
                                                    "0:md5,26a371a3566831ac3c94a99d26462d37"
                                                ]
                                            ],
                                            [
                                                [
                                                    "0:md5,42152c64399fe03dfad62aec553afd6e"
                                                ]
                                            ]
                                        ],
                                        "zarr.json:md5,8eedd97783403d639f7406ca42ddd8d5"
                                    ],
                                    [
                                        [
                                            [
                                                [
                                                    "0:md5,d130dae149bf4fbc38a13f7c8066481c"
                                                ]
                                            ],
                                            [
                                                [
                                                    "0:md5,ccf5fe08d9b63a5d97e1e486890c8d2c"
                                                ]
                                            ],
                                            [
                                                [
                                                    "0:md5,d130dae149bf4fbc38a13f7c8066481c"
                                                ]
                                            ]
                                        ],
                                        "zarr.json:md5,a09348fbbc1a94e9f5e75e6a520e7c9e"
                                    ],
                                    "zarr.json:md5,f5d1273909f0eff327a7210e7779e0d5"
                                ],
                                "zarr.json:md5,457126c0639af2eba0140851c39c1aad"
                            ],
                            [
                                [
                                    "shapes.parquet:md5,45f198a7cfd8bb0d3a400b094db91693",
                                    "zarr.json:md5,41794a46835cfd9cc1ada843bf21e42f"
                                ],
                                [
                                    "shapes.parquet:md5,69e707b2722c2e83f5d7b0e507d95bcd",
                                    "zarr.json:md5,41794a46835cfd9cc1ada843bf21e42f"
                                ],
                                "zarr.json:md5,457126c0639af2eba0140851c39c1aad"
                            ],
                            "zarr.json:md5,30f19fe6e8e63d6316c3c730eb21c9d0"
                        ]
                    ]
                ],
                "1": [
                    [
                        {
                            "id": "test"
                        },
                        "test_whole-cell.tiff:md5,158ead9e2b87b8edb8dd97a68dd4b773"
                    ]
                ],
                "2": [
                    "versions.yml:md5,00c78a84d8e13c2a9159863098a37a28",
                    "versions.yml:md5,49a1720f2a84a49cdc275753a0520d9b",
                    "versions.yml:md5,945a21da2135454e0e736b3d7d6cee79",
                    "versions.yml:md5,99c3dd3bc2bdcdd11e49b7c31aa33a6b"
                ],
                "tiff": [
                    [
                        {
                            "id": "test"
                        },
                        "test_whole-cell.tiff:md5,158ead9e2b87b8edb8dd97a68dd4b773"
                    ]
                ],
                "versions": [
                    "versions.yml:md5,00c78a84d8e13c2a9159863098a37a28",
                    "versions.yml:md5,49a1720f2a84a49cdc275753a0520d9b",
                    "versions.yml:md5,945a21da2135454e0e736b3d7d6cee79",
                    "versions.yml:md5,99c3dd3bc2bdcdd11e49b7c31aa33a6b"
                ],
                "zarr": [
                    [
                        {
                            "id": "test"
                        },
                        [
                            [
                                [
                                    "0.parquet:md5,a87466f553760b13b5cd0d8d28fd3936",
                                    "1.parquet:md5,a70e84e81a474a28af4d6924ac9852e3",
                                    "2.parquet:md5,2756ad28463b4705d81f617eba6a7690",
                                    "3.parquet:md5,9570006deedc85ce670cd9235df40071",
                                    "4.parquet:md5,b79d9156ef6d7b00c74b32b31204803a",
                                    "5.parquet:md5,d6670803749ac7364e0ae75e447a47f6",
                                    "6.parquet:md5,11391a79e323cb66ea6aa891f7503b81",
                                    "7.parquet:md5,58cdd3c82bcf2bb8c403306bde9e6fad",
                                    "8.parquet:md5,bf99a1aeee1c8e31eba8ff75f83111f6"
                                ],
                                "patches_file_image:md5,7c5aba41f53293b712fd86d08ed5b36e"
                            ],
                            [
                                [
                                    [
                                        [
                                            [
                                                [
                                                    "0:md5,ad1d574cad101bbd8c1b7eea78e11b11"
                                                ]
                                            ],
                                            [
                                                [
                                                    "0:md5,fbc5cb9ada63fac23708ec558973b592"
                                                ]
                                            ],
                                            [
                                                [
                                                    "0:md5,ad1d574cad101bbd8c1b7eea78e11b11"
                                                ]
                                            ]
                                        ],
                                        "zarr.json:md5,b5cc67ac579a24f7c1963dbe53dedcf1"
                                    ],
                                    [
                                        [
                                            [
                                                [
                                                    "0:md5,f205b41f21c7fafb14fb4c9243280d9e"
                                                ]
                                            ],
                                            [
                                                [
                                                    "0:md5,b691124e3b9e8207febed5c1a0ce12e9"
                                                ]
                                            ],
                                            [
                                                [
                                                    "0:md5,f205b41f21c7fafb14fb4c9243280d9e"
                                                ]
                                            ]
                                        ],
                                        "zarr.json:md5,74402fd2b9029b554fcfaf45350cfe28"
                                    ],
                                    [
                                        [
                                            [
                                                [
                                                    "0:md5,98ef9dc11f22cc931fee7b9e169837dc"
                                                ]
                                            ],
                                            [
                                                [
                                                    "0:md5,1c8e07824785e15afb7597de17af2220"
                                                ]
                                            ],
                                            [
                                                [
                                                    "0:md5,98ef9dc11f22cc931fee7b9e169837dc"
                                                ]
                                            ]
                                        ],
                                        "zarr.json:md5,f7510277ca1f9696f932fdc2497df47a"
                                    ],
                                    [
                                        [
                                            [
                                                [
                                                    "0:md5,42152c64399fe03dfad62aec553afd6e"
                                                ]
                                            ],
                                            [
                                                [
                                                    "0:md5,26a371a3566831ac3c94a99d26462d37"
                                                ]
                                            ],
                                            [
                                                [
                                                    "0:md5,42152c64399fe03dfad62aec553afd6e"
                                                ]
                                            ]
                                        ],
                                        "zarr.json:md5,8eedd97783403d639f7406ca42ddd8d5"
                                    ],
                                    [
                                        [
                                            [
                                                [
                                                    "0:md5,d130dae149bf4fbc38a13f7c8066481c"
                                                ]
                                            ],
                                            [
                                                [
                                                    "0:md5,ccf5fe08d9b63a5d97e1e486890c8d2c"
                                                ]
                                            ],
                                            [
                                                [
                                                    "0:md5,d130dae149bf4fbc38a13f7c8066481c"
                                                ]
                                            ]
                                        ],
                                        "zarr.json:md5,a09348fbbc1a94e9f5e75e6a520e7c9e"
                                    ],
                                    "zarr.json:md5,f5d1273909f0eff327a7210e7779e0d5"
                                ],
                                "zarr.json:md5,457126c0639af2eba0140851c39c1aad"
                            ],
                            [
                                [
                                    "shapes.parquet:md5,45f198a7cfd8bb0d3a400b094db91693",
                                    "zarr.json:md5,41794a46835cfd9cc1ada843bf21e42f"
                                ],
                                [
                                    "shapes.parquet:md5,69e707b2722c2e83f5d7b0e507d95bcd",
                                    "zarr.json:md5,41794a46835cfd9cc1ada843bf21e42f"
                                ],
                                "zarr.json:md5,457126c0639af2eba0140851c39c1aad"
                            ],
                            "zarr.json:md5,30f19fe6e8e63d6316c3c730eb21c9d0"
                        ]
                    ]
                ]
            }
        ],
        "timestamp": "2026-07-30T00:13:07.743681143",
        "meta": {
            "nf-test": "0.9.5",
            "nextflow": "24.04.2"
        }
    },
    "sopa_segment - tiff - whole-cell": {
        "content": [
            {
                "0": [
                    [
                        {
                            "id": "test"
                        },
                        [
                            [
                                [
                                    "0.parquet:md5,767d788e69a0d57927a2c1632f42f8db"
                                ],
                                "patches_file_image:md5,b026324c6904b2a9cb4b88d6d61c81d1"
                            ],
                            ".zattrs:md5,f73562e0c37fb0115b37794a1a74974b",
                            ".zgroup:md5,e20297935e73dd0154104d4ea53040ab",
                            [
                                ".zgroup:md5,e20297935e73dd0154104d4ea53040ab",
                                [
                                    ".zattrs:md5,88568da6903af9fe0e018987dc08cae8",
                                    ".zgroup:md5,e20297935e73dd0154104d4ea53040ab",
                                    [
                                        ".zarray:md5,693c1a6da0b95db2dcbeef6cdd71799b",
                                        [
                                            [
                                                "0:md5,145adf06fce482a5962026e847ba34bc"
                                            ]
                                        ],
                                        [
                                            [
                                                "0:md5,bda4a0f66e52d9e7010d7315fe223723"
                                            ]
                                        ],
                                        [
                                            [
                                                "0:md5,145adf06fce482a5962026e847ba34bc"
                                            ]
                                        ]
                                    ],
                                    [
                                        ".zarray:md5,d0b0a330e9253e2f8f5371781c776278",
                                        [
                                            [
                                                "0:md5,5bad6c314a4c2a971a866c29f26737bb"
                                            ]
                                        ],
                                        [
                                            [
                                                "0:md5,e0f5c1b3f64c87c25e4a7b86f1667927"
                                            ]
                                        ],
                                        [
                                            [
                                                "0:md5,5bad6c314a4c2a971a866c29f26737bb"
                                            ]
                                        ]
                                    ],
                                    [
                                        ".zarray:md5,52ff9c3163107de97ee187763db1ae23",
                                        [
                                            [
                                                "0:md5,598ed11b166b832625be3f2ddbd6ecd2"
                                            ]
                                        ],
                                        [
                                            [
                                                "0:md5,78866146a797efe42b527b15d26ab90e"
                                            ]
                                        ],
                                        [
                                            [
                                                "0:md5,598ed11b166b832625be3f2ddbd6ecd2"
                                            ]
                                        ]
                                    ],
                                    [
                                        ".zarray:md5,51793604f7aa317fb8b81244e07e021e",
                                        [
                                            [
                                                "0:md5,cc8fab9e913769032dd5403aea144cf7"
                                            ]
                                        ],
                                        [
                                            [
                                                "0:md5,78ddb0bb5197b0ce35fcfd9d549ee7fa"
                                            ]
                                        ],
                                        [
                                            [
                                                "0:md5,cc8fab9e913769032dd5403aea144cf7"
                                            ]
                                        ]
                                    ],
                                    [
                                        ".zarray:md5,9fe13f0f19532d31d6ef189dd85135a2",
                                        [
                                            [
                                                "0:md5,f5a4b64cd322ed6cb509fb338d78bbc9"
                                            ]
                                        ],
                                        [
                                            [
                                                "0:md5,0c5dc99a0d1979df7d498a20555f9057"
                                            ]
                                        ],
                                        [
                                            [
                                                "0:md5,f5a4b64cd322ed6cb509fb338d78bbc9"
                                            ]
                                        ]
                                    ]
                                ]
                            ],
                            [
                                ".zgroup:md5,e20297935e73dd0154104d4ea53040ab",
                                [
                                    ".zattrs:md5,3092d7fd5d51b39416853b3c74211344",
                                    ".zgroup:md5,e20297935e73dd0154104d4ea53040ab",
                                    "shapes.parquet:md5,b0fb6187c4c7df4dff353ad918b02e37"
                                ],
                                [
                                    ".zattrs:md5,3092d7fd5d51b39416853b3c74211344",
                                    ".zgroup:md5,e20297935e73dd0154104d4ea53040ab",
                                    "shapes.parquet:md5,1d72741f51032c25f60816665ba7506b"
                                ]
                            ],
                            "zmetadata:md5,a3a0a0335a8f02b5aeb807496769d4dd"
                        ]
                    ]
                ],
                "1": [
                    [
                        {
                            "id": "test"
                        },
                        "test_whole-cell.tiff:md5,6df6ba77ef83b5c5f3c1e22c13efe363"
                    ]
                ],
                "2": [
                    
                ],
                "tiff": [
                    [
                        {
                            "id": "test"
                        },
                        "test_whole-cell.tiff:md5,6df6ba77ef83b5c5f3c1e22c13efe363"
                    ]
                ],
                "versions": [
                    
                ],
                "zarr": [
                    [
                        {
                            "id": "test"
                        },
                        [
                            [
                                [
                                    "0.parquet:md5,767d788e69a0d57927a2c1632f42f8db"
                                ],
                                "patches_file_image:md5,b026324c6904b2a9cb4b88d6d61c81d1"
                            ],
                            ".zattrs:md5,f73562e0c37fb0115b37794a1a74974b",
                            ".zgroup:md5,e20297935e73dd0154104d4ea53040ab",
                            [
                                ".zgroup:md5,e20297935e73dd0154104d4ea53040ab",
                                [
                                    ".zattrs:md5,88568da6903af9fe0e018987dc08cae8",
                                    ".zgroup:md5,e20297935e73dd0154104d4ea53040ab",
                                    [
                                        ".zarray:md5,693c1a6da0b95db2dcbeef6cdd71799b",
                                        [
                                            [
                                                "0:md5,145adf06fce482a5962026e847ba34bc"
                                            ]
                                        ],
                                        [
                                            [
                                                "0:md5,bda4a0f66e52d9e7010d7315fe223723"
                                            ]
                                        ],
                                        [
                                            [
                                                "0:md5,145adf06fce482a5962026e847ba34bc"
                                            ]
                                        ]
                                    ],
                                    [
                                        ".zarray:md5,d0b0a330e9253e2f8f5371781c776278",
                                        [
                                            [
                                                "0:md5,5bad6c314a4c2a971a866c29f26737bb"
                                            ]
                                        ],
                                        [
                                            [
                                                "0:md5,e0f5c1b3f64c87c25e4a7b86f1667927"
                                            ]
                                        ],
                                        [
                                            [
                                                "0:md5,5bad6c314a4c2a971a866c29f26737bb"
                                            ]
                                        ]
                                    ],
                                    [
                                        ".zarray:md5,52ff9c3163107de97ee187763db1ae23",
                                        [
                                            [
                                                "0:md5,598ed11b166b832625be3f2ddbd6ecd2"
                                            ]
                                        ],
                                        [
                                            [
                                                "0:md5,78866146a797efe42b527b15d26ab90e"
                                            ]
                                        ],
                                        [
                                            [
                                                "0:md5,598ed11b166b832625be3f2ddbd6ecd2"
                                            ]
                                        ]
                                    ],
                                    [
                                        ".zarray:md5,51793604f7aa317fb8b81244e07e021e",
                                        [
                                            [
                                                "0:md5,cc8fab9e913769032dd5403aea144cf7"
                                            ]
                                        ],
                                        [
                                            [
                                                "0:md5,78ddb0bb5197b0ce35fcfd9d549ee7fa"
                                            ]
                                        ],
                                        [
                                            [
                                                "0:md5,cc8fab9e913769032dd5403aea144cf7"
                                            ]
                                        ]
                                    ],
                                    [
                                        ".zarray:md5,9fe13f0f19532d31d6ef189dd85135a2",
                                        [
                                            [
                                                "0:md5,f5a4b64cd322ed6cb509fb338d78bbc9"
                                            ]
                                        ],
                                        [
                                            [
                                                "0:md5,0c5dc99a0d1979df7d498a20555f9057"
                                            ]
                                        ],
                                        [
                                            [
                                                "0:md5,f5a4b64cd322ed6cb509fb338d78bbc9"
                                            ]
                                        ]
                                    ]
                                ]
                            ],
                            [
                                ".zgroup:md5,e20297935e73dd0154104d4ea53040ab",
                                [
                                    ".zattrs:md5,3092d7fd5d51b39416853b3c74211344",
                                    ".zgroup:md5,e20297935e73dd0154104d4ea53040ab",
                                    "shapes.parquet:md5,b0fb6187c4c7df4dff353ad918b02e37"
                                ],
                                [
                                    ".zattrs:md5,3092d7fd5d51b39416853b3c74211344",
                                    ".zgroup:md5,e20297935e73dd0154104d4ea53040ab",
                                    "shapes.parquet:md5,1d72741f51032c25f60816665ba7506b"
                                ]
                            ],
                            "zmetadata:md5,a3a0a0335a8f02b5aeb807496769d4dd"
                        ]
                    ]
                ]
            }
        ],
        "timestamp": "2025-07-22T12:22:38.860786592",
        "meta": {
            "nf-test": "0.9.2",
            "nextflow": "25.04.4"
        }
    },
    "sopa_segment_compartment - tiff - nuclear": {
        "content": [
            {
                "0": [
                    [
                        {
                            "id": "test"
                        },
                        [
                            [
                                [
                                    "0.parquet:md5,dcd2bdf452b30339beede41baec3bcd3",
                                    "1.parquet:md5,1712e61563e768d359fb8c9e767a6932",
                                    "2.parquet:md5,bc77c8b1974bb6e18bd59a54f92e0a7a",
                                    "3.parquet:md5,eebfbc2d1446f98039c389389696cdd5",
                                    "4.parquet:md5,82dbe72582f32a65918439ccb30f0e4f",
                                    "5.parquet:md5,beb6adfbcf5ff463b25ee44bc9c8b6cf",
                                    "6.parquet:md5,1809f26b3e0f88ffe83764b39281fc16",
                                    "7.parquet:md5,a72e59d71553f6ff047dd5e971aec237",
                                    "8.parquet:md5,d591719713eaa2bbb11b985a0ae68a80"
                                ],
                                "patches_file_image:md5,7c5aba41f53293b712fd86d08ed5b36e"
                            ],
                            [
                                [
                                    [
                                        [
                                            [
                                                [
                                                    "0:md5,ad1d574cad101bbd8c1b7eea78e11b11"
                                                ]
                                            ],
                                            [
                                                [
                                                    "0:md5,fbc5cb9ada63fac23708ec558973b592"
                                                ]
                                            ],
                                            [
                                                [
                                                    "0:md5,ad1d574cad101bbd8c1b7eea78e11b11"
                                                ]
                                            ]
                                        ],
                                        "zarr.json:md5,b5cc67ac579a24f7c1963dbe53dedcf1"
                                    ],
                                    [
                                        [
                                            [
                                                [
                                                    "0:md5,f205b41f21c7fafb14fb4c9243280d9e"
                                                ]
                                            ],
                                            [
                                                [
                                                    "0:md5,b691124e3b9e8207febed5c1a0ce12e9"
                                                ]
                                            ],
                                            [
                                                [
                                                    "0:md5,f205b41f21c7fafb14fb4c9243280d9e"
                                                ]
                                            ]
                                        ],
                                        "zarr.json:md5,74402fd2b9029b554fcfaf45350cfe28"
                                    ],
                                    [
                                        [
                                            [
                                                [
                                                    "0:md5,98ef9dc11f22cc931fee7b9e169837dc"
                                                ]
                                            ],
                                            [
                                                [
                                                    "0:md5,1c8e07824785e15afb7597de17af2220"
                                                ]
                                            ],
                                            [
                                                [
                                                    "0:md5,98ef9dc11f22cc931fee7b9e169837dc"
                                                ]
                                            ]
                                        ],
                                        "zarr.json:md5,f7510277ca1f9696f932fdc2497df47a"
                                    ],
                                    [
                                        [
                                            [
                                                [
                                                    "0:md5,42152c64399fe03dfad62aec553afd6e"
                                                ]
                                            ],
                                            [
                                                [
                                                    "0:md5,26a371a3566831ac3c94a99d26462d37"
                                                ]
                                            ],
                                            [
                                                [
                                                    "0:md5,42152c64399fe03dfad62aec553afd6e"
                                                ]
                                            ]
                                        ],
                                        "zarr.json:md5,8eedd97783403d639f7406ca42ddd8d5"
                                    ],
                                    [
                                        [
                                            [
                                                [
                                                    "0:md5,d130dae149bf4fbc38a13f7c8066481c"
                                                ]
                                            ],
                                            [
                                                [
                                                    "0:md5,ccf5fe08d9b63a5d97e1e486890c8d2c"
                                                ]
                                            ],
                                            [
                                                [
                                                    "0:md5,d130dae149bf4fbc38a13f7c8066481c"
                                                ]
                                            ]
                                        ],
                                        "zarr.json:md5,a09348fbbc1a94e9f5e75e6a520e7c9e"
                                    ],
                                    "zarr.json:md5,f5d1273909f0eff327a7210e7779e0d5"
                                ],
                                "zarr.json:md5,457126c0639af2eba0140851c39c1aad"
                            ],
                            [
                                [
                                    "shapes.parquet:md5,137d85c972deac43498928e658133dcd",
                                    "zarr.json:md5,41794a46835cfd9cc1ada843bf21e42f"
                                ],
                                [
                                    "shapes.parquet:md5,69e707b2722c2e83f5d7b0e507d95bcd",
                                    "zarr.json:md5,41794a46835cfd9cc1ada843bf21e42f"
                                ],
                                "zarr.json:md5,457126c0639af2eba0140851c39c1aad"
                            ],
                            "zarr.json:md5,30f19fe6e8e63d6316c3c730eb21c9d0"
                        ]
                    ]
                ],
                "1": [
                    [
                        {
                            "id": "test"
                        },
                        "test_nuclear.tiff:md5,5e3086a09e911f0b8f29f4413aafb5ea"
                    ]
                ],
                "2": [
                    "versions.yml:md5,00c78a84d8e13c2a9159863098a37a28",
                    "versions.yml:md5,49a1720f2a84a49cdc275753a0520d9b",
                    "versions.yml:md5,945a21da2135454e0e736b3d7d6cee79",
                    "versions.yml:md5,99c3dd3bc2bdcdd11e49b7c31aa33a6b"
                ],
                "tiff": [
                    [
                        {
                            "id": "test"
                        },
                        "test_nuclear.tiff:md5,5e3086a09e911f0b8f29f4413aafb5ea"
                    ]
                ],
                "versions": [
                    "versions.yml:md5,00c78a84d8e13c2a9159863098a37a28",
                    "versions.yml:md5,49a1720f2a84a49cdc275753a0520d9b",
                    "versions.yml:md5,945a21da2135454e0e736b3d7d6cee79",
                    "versions.yml:md5,99c3dd3bc2bdcdd11e49b7c31aa33a6b"
                ],
                "zarr": [
                    [
                        {
                            "id": "test"
                        },
                        [
                            [
                                [
                                    "0.parquet:md5,dcd2bdf452b30339beede41baec3bcd3",
                                    "1.parquet:md5,1712e61563e768d359fb8c9e767a6932",
                                    "2.parquet:md5,bc77c8b1974bb6e18bd59a54f92e0a7a",
                                    "3.parquet:md5,eebfbc2d1446f98039c389389696cdd5",
                                    "4.parquet:md5,82dbe72582f32a65918439ccb30f0e4f",
                                    "5.parquet:md5,beb6adfbcf5ff463b25ee44bc9c8b6cf",
                                    "6.parquet:md5,1809f26b3e0f88ffe83764b39281fc16",
                                    "7.parquet:md5,a72e59d71553f6ff047dd5e971aec237",
                                    "8.parquet:md5,d591719713eaa2bbb11b985a0ae68a80"
                                ],
                                "patches_file_image:md5,7c5aba41f53293b712fd86d08ed5b36e"
                            ],
                            [
                                [
                                    [
                                        [
                                            [
                                                [
                                                    "0:md5,ad1d574cad101bbd8c1b7eea78e11b11"
                                                ]
                                            ],
                                            [
                                                [
                                                    "0:md5,fbc5cb9ada63fac23708ec558973b592"
                                                ]
                                            ],
                                            [
                                                [
                                                    "0:md5,ad1d574cad101bbd8c1b7eea78e11b11"
                                                ]
                                            ]
                                        ],
                                        "zarr.json:md5,b5cc67ac579a24f7c1963dbe53dedcf1"
                                    ],
                                    [
                                        [
                                            [
                                                [
                                                    "0:md5,f205b41f21c7fafb14fb4c9243280d9e"
                                                ]
                                            ],
                                            [
                                                [
                                                    "0:md5,b691124e3b9e8207febed5c1a0ce12e9"
                                                ]
                                            ],
                                            [
                                                [
                                                    "0:md5,f205b41f21c7fafb14fb4c9243280d9e"
                                                ]
                                            ]
                                        ],
                                        "zarr.json:md5,74402fd2b9029b554fcfaf45350cfe28"
                                    ],
                                    [
                                        [
                                            [
                                                [
                                                    "0:md5,98ef9dc11f22cc931fee7b9e169837dc"
                                                ]
                                            ],
                                            [
                                                [
                                                    "0:md5,1c8e07824785e15afb7597de17af2220"
                                                ]
                                            ],
                                            [
                                                [
                                                    "0:md5,98ef9dc11f22cc931fee7b9e169837dc"
                                                ]
                                            ]
                                        ],
                                        "zarr.json:md5,f7510277ca1f9696f932fdc2497df47a"
                                    ],
                                    [
                                        [
                                            [
                                                [
                                                    "0:md5,42152c64399fe03dfad62aec553afd6e"
                                                ]
                                            ],
                                            [
                                                [
                                                    "0:md5,26a371a3566831ac3c94a99d26462d37"
                                                ]
                                            ],
                                            [
                                                [
                                                    "0:md5,42152c64399fe03dfad62aec553afd6e"
                                                ]
                                            ]
                                        ],
                                        "zarr.json:md5,8eedd97783403d639f7406ca42ddd8d5"
                                    ],
                                    [
                                        [
                                            [
                                                [
                                                    "0:md5,d130dae149bf4fbc38a13f7c8066481c"
                                                ]
                                            ],
                                            [
                                                [
                                                    "0:md5,ccf5fe08d9b63a5d97e1e486890c8d2c"
                                                ]
                                            ],
                                            [
                                                [
                                                    "0:md5,d130dae149bf4fbc38a13f7c8066481c"
                                                ]
                                            ]
                                        ],
                                        "zarr.json:md5,a09348fbbc1a94e9f5e75e6a520e7c9e"
                                    ],
                                    "zarr.json:md5,f5d1273909f0eff327a7210e7779e0d5"
                                ],
                                "zarr.json:md5,457126c0639af2eba0140851c39c1aad"
                            ],
                            [
                                [
                                    "shapes.parquet:md5,137d85c972deac43498928e658133dcd",
                                    "zarr.json:md5,41794a46835cfd9cc1ada843bf21e42f"
                                ],
                                [
                                    "shapes.parquet:md5,69e707b2722c2e83f5d7b0e507d95bcd",
                                    "zarr.json:md5,41794a46835cfd9cc1ada843bf21e42f"
                                ],
                                "zarr.json:md5,457126c0639af2eba0140851c39c1aad"
                            ],
                            "zarr.json:md5,30f19fe6e8e63d6316c3c730eb21c9d0"
                        ]
                    ]
                ]
            }
        ],
        "timestamp": "2026-07-30T00:15:15.88137061",
        "meta": {
            "nf-test": "0.9.5",
            "nextflow": "24.04.2"
        }
    },
    "sopa_segment - tiff - nuclear": {
        "content": [
            {
                "0": [
                    [
                        {
                            "id": "test"
                        },
                        [
                            [
                                "patches_file_image:md5,b026324c6904b2a9cb4b88d6d61c81d1"
                            ],
                            ".zattrs:md5,f73562e0c37fb0115b37794a1a74974b",
                            ".zgroup:md5,e20297935e73dd0154104d4ea53040ab",
                            [
                                ".zgroup:md5,e20297935e73dd0154104d4ea53040ab",
                                [
                                    ".zattrs:md5,88568da6903af9fe0e018987dc08cae8",
                                    ".zgroup:md5,e20297935e73dd0154104d4ea53040ab",
                                    [
                                        ".zarray:md5,693c1a6da0b95db2dcbeef6cdd71799b",
                                        [
                                            [
                                                "0:md5,145adf06fce482a5962026e847ba34bc"
                                            ]
                                        ],
                                        [
                                            [
                                                "0:md5,bda4a0f66e52d9e7010d7315fe223723"
                                            ]
                                        ],
                                        [
                                            [
                                                "0:md5,145adf06fce482a5962026e847ba34bc"
                                            ]
                                        ]
                                    ],
                                    [
                                        ".zarray:md5,d0b0a330e9253e2f8f5371781c776278",
                                        [
                                            [
                                                "0:md5,5bad6c314a4c2a971a866c29f26737bb"
                                            ]
                                        ],
                                        [
                                            [
                                                "0:md5,e0f5c1b3f64c87c25e4a7b86f1667927"
                                            ]
                                        ],
                                        [
                                            [
                                                "0:md5,5bad6c314a4c2a971a866c29f26737bb"
                                            ]
                                        ]
                                    ],
                                    [
                                        ".zarray:md5,52ff9c3163107de97ee187763db1ae23",
                                        [
                                            [
                                                "0:md5,598ed11b166b832625be3f2ddbd6ecd2"
                                            ]
                                        ],
                                        [
                                            [
                                                "0:md5,78866146a797efe42b527b15d26ab90e"
                                            ]
                                        ],
                                        [
                                            [
                                                "0:md5,598ed11b166b832625be3f2ddbd6ecd2"
                                            ]
                                        ]
                                    ],
                                    [
                                        ".zarray:md5,51793604f7aa317fb8b81244e07e021e",
                                        [
                                            [
                                                "0:md5,cc8fab9e913769032dd5403aea144cf7"
                                            ]
                                        ],
                                        [
                                            [
                                                "0:md5,78ddb0bb5197b0ce35fcfd9d549ee7fa"
                                            ]
                                        ],
                                        [
                                            [
                                                "0:md5,cc8fab9e913769032dd5403aea144cf7"
                                            ]
                                        ]
                                    ],
                                    [
                                        ".zarray:md5,9fe13f0f19532d31d6ef189dd85135a2",
                                        [
                                            [
                                                "0:md5,f5a4b64cd322ed6cb509fb338d78bbc9"
                                            ]
                                        ],
                                        [
                                            [
                                                "0:md5,0c5dc99a0d1979df7d498a20555f9057"
                                            ]
                                        ],
                                        [
                                            [
                                                "0:md5,f5a4b64cd322ed6cb509fb338d78bbc9"
                                            ]
                                        ]
                                    ]
                                ]
                            ],
                            [
                                ".zgroup:md5,e20297935e73dd0154104d4ea53040ab",
                                [
                                    ".zattrs:md5,3092d7fd5d51b39416853b3c74211344",
                                    ".zgroup:md5,e20297935e73dd0154104d4ea53040ab",
                                    "shapes.parquet:md5,1d72741f51032c25f60816665ba7506b"
                                ]
                            ],
                            "zmetadata:md5,a3a0a0335a8f02b5aeb807496769d4dd"
                        ]
                    ]
                ],
                "1": [
                    
                ],
                "2": [
                    
                ],
                "tiff": [
                    
                ],
                "versions": [
                    
                ],
                "zarr": [
                    [
                        {
                            "id": "test"
                        },
                        [
                            [
                                "patches_file_image:md5,b026324c6904b2a9cb4b88d6d61c81d1"
                            ],
                            ".zattrs:md5,f73562e0c37fb0115b37794a1a74974b",
                            ".zgroup:md5,e20297935e73dd0154104d4ea53040ab",
                            [
                                ".zgroup:md5,e20297935e73dd0154104d4ea53040ab",
                                [
                                    ".zattrs:md5,88568da6903af9fe0e018987dc08cae8",
                                    ".zgroup:md5,e20297935e73dd0154104d4ea53040ab",
                                    [
                                        ".zarray:md5,693c1a6da0b95db2dcbeef6cdd71799b",
                                        [
                                            [
                                                "0:md5,145adf06fce482a5962026e847ba34bc"
                                            ]
                                        ],
                                        [
                                            [
                                                "0:md5,bda4a0f66e52d9e7010d7315fe223723"
                                            ]
                                        ],
                                        [
                                            [
                                                "0:md5,145adf06fce482a5962026e847ba34bc"
                                            ]
                                        ]
                                    ],
                                    [
                                        ".zarray:md5,d0b0a330e9253e2f8f5371781c776278",
                                        [
                                            [
                                                "0:md5,5bad6c314a4c2a971a866c29f26737bb"
                                            ]
                                        ],
                                        [
                                            [
                                                "0:md5,e0f5c1b3f64c87c25e4a7b86f1667927"
                                            ]
                                        ],
                                        [
                                            [
                                                "0:md5,5bad6c314a4c2a971a866c29f26737bb"
                                            ]
                                        ]
                                    ],
                                    [
                                        ".zarray:md5,52ff9c3163107de97ee187763db1ae23",
                                        [
                                            [
                                                "0:md5,598ed11b166b832625be3f2ddbd6ecd2"
                                            ]
                                        ],
                                        [
                                            [
                                                "0:md5,78866146a797efe42b527b15d26ab90e"
                                            ]
                                        ],
                                        [
                                            [
                                                "0:md5,598ed11b166b832625be3f2ddbd6ecd2"
                                            ]
                                        ]
                                    ],
                                    [
                                        ".zarray:md5,51793604f7aa317fb8b81244e07e021e",
                                        [
                                            [
                                                "0:md5,cc8fab9e913769032dd5403aea144cf7"
                                            ]
                                        ],
                                        [
                                            [
                                                "0:md5,78ddb0bb5197b0ce35fcfd9d549ee7fa"
                                            ]
                                        ],
                                        [
                                            [
                                                "0:md5,cc8fab9e913769032dd5403aea144cf7"
                                            ]
                                        ]
                                    ],
                                    [
                                        ".zarray:md5,9fe13f0f19532d31d6ef189dd85135a2",
                                        [
                                            [
                                                "0:md5,f5a4b64cd322ed6cb509fb338d78bbc9"
                                            ]
                                        ],
                                        [
                                            [
                                                "0:md5,0c5dc99a0d1979df7d498a20555f9057"
                                            ]
                                        ],
                                        [
                                            [
                                                "0:md5,f5a4b64cd322ed6cb509fb338d78bbc9"
                                            ]
                                        ]
                                    ]
                                ]
                            ],
                            [
                                ".zgroup:md5,e20297935e73dd0154104d4ea53040ab",
                                [
                                    ".zattrs:md5,3092d7fd5d51b39416853b3c74211344",
                                    ".zgroup:md5,e20297935e73dd0154104d4ea53040ab",
                                    "shapes.parquet:md5,1d72741f51032c25f60816665ba7506b"
                                ]
                            ],
                            "zmetadata:md5,a3a0a0335a8f02b5aeb807496769d4dd"
                        ]
                    ]
                ]
            }
        ],
        "timestamp": "2025-07-22T12:23:29.614171908",
        "meta": {
            "nf-test": "0.9.2",
            "nextflow": "25.04.4"
        }
    }
}