{
    "cellmeasurement - basic functionality": {
        "content": [
            {
                "0": [
                    
                ],
                "1": [
                    
                ],
                "annotations": [
                    
                ],
                "versions": [
                    
                ]
            }
        ],
        "meta": {
            "nf-test": "0.9.2",
            "nextflow": "25.04.4"
        },
        "timestamp": "2025-07-02T12:25:41.210468966"
    },
    "cellmeasurement - with cell expansion and skip measurements": {
        "content": [
            {
                "0": [
                    
                ],
                "1": [
                    
                ],
                "annotations": [
                    
                ],
                "versions": [
                    
                ]
            }
        ],
        "meta": {
            "nf-test": "0.9.2",
            "nextflow": "25.04.4"
        },
        "timestamp": "2025-07-02T12:25:54.089397133"
    },
    "cellmeasurement - stub": {
        "content": [
            {
                "0": [
                    [
                        {
                            "id": "test_stub"
                        },
                        "test_stub.geojson:md5,d41d8cd98f00b204e9800998ecf8427e"
                    ]
                ],
                "1": [
                    "versions.yml:md5,911b2db92c964303bac36ad611f832a8"
                ],
                "annotations": [
                    [
                        {
                            "id": "test_stub"
                        },
                        "test_stub.geojson:md5,d41d8cd98f00b204e9800998ecf8427e"
                    ]
                ],
                "versions": [
                    "versions.yml:md5,911b2db92c964303bac36ad611f832a8"
                ]
            }
        ],
        "meta": {
            "nf-test": "0.9.2",
            "nextflow": "25.04.4"
        },
        "timestamp": "2025-07-02T13:00:16.806661896"
    }
}