{
    "sopa_convert - tiff": {
        "content": [
            {
                "0": [
                    [
                        {
                            "id": "test"
                        },
                        [
                            [
                                [
                                    [
                                        [
                                            [
                                                [
                                                    "0:md5,ad1d574cad101bbd8c1b7eea78e11b11"
                                                ]
                                            ],
                                            [
                                                [
                                                    "0:md5,fbc5cb9ada63fac23708ec558973b592"
                                                ]
                                            ],
                                            [
                                                [
                                                    "0:md5,8fbd49aac325576c1f3fc22aab2f3a9c"
                                                ]
                                            ]
                                        ],
                                        "zarr.json:md5,b5cc67ac579a24f7c1963dbe53dedcf1"
                                    ],
                                    [
                                        [
                                            [
                                                [
                                                    "0:md5,f205b41f21c7fafb14fb4c9243280d9e"
                                                ]
                                            ],
                                            [
                                                [
                                                    "0:md5,b691124e3b9e8207febed5c1a0ce12e9"
                                                ]
                                            ],
                                            [
                                                [
                                                    "0:md5,c973a0a04c2e00b12e5d0b4dbb4cea43"
                                                ]
                                            ]
                                        ],
                                        "zarr.json:md5,74402fd2b9029b554fcfaf45350cfe28"
                                    ],
                                    [
                                        [
                                            [
                                                [
                                                    "0:md5,98ef9dc11f22cc931fee7b9e169837dc"
                                                ]
                                            ],
                                            [
                                                [
                                                    "0:md5,1c8e07824785e15afb7597de17af2220"
                                                ]
                                            ],
                                            [
                                                [
                                                    "0:md5,6cb5a928381033aa509d7d5e2ba029ce"
                                                ]
                                            ]
                                        ],
                                        "zarr.json:md5,f7510277ca1f9696f932fdc2497df47a"
                                    ],
                                    [
                                        [
                                            [
                                                [
                                                    "0:md5,42152c64399fe03dfad62aec553afd6e"
                                                ]
                                            ],
                                            [
                                                [
                                                    "0:md5,26a371a3566831ac3c94a99d26462d37"
                                                ]
                                            ],
                                            [
                                                [
                                                    "0:md5,cd12443f993cb61ef3ff6117a77c83f0"
                                                ]
                                            ]
                                        ],
                                        "zarr.json:md5,8eedd97783403d639f7406ca42ddd8d5"
                                    ],
                                    [
                                        [
                                            [
                                                [
                                                    "0:md5,d130dae149bf4fbc38a13f7c8066481c"
                                                ]
                                            ],
                                            [
                                                [
                                                    "0:md5,ccf5fe08d9b63a5d97e1e486890c8d2c"
                                                ]
                                            ],
                                            [
                                                [
                                                    "0:md5,59db6be15653eeaed85b712a2c9b3d6f"
                                                ]
                                            ]
                                        ],
                                        "zarr.json:md5,a09348fbbc1a94e9f5e75e6a520e7c9e"
                                    ],
                                    "zarr.json:md5,70d375e1e61d6155910377da85b38d57"
                                ],
                                "zarr.json:md5,457126c0639af2eba0140851c39c1aad"
                            ],
                            "zarr.json:md5,5d3873d319a2ce7dd582d28fbbc14357"
                        ]
                    ]
                ],
                "1": [
                    "versions.yml:md5,9c42d34627b9ec220181cba2fcd3d4f3"
                ],
                "spatial_data": [
                    [
                        {
                            "id": "test"
                        },
                        [
                            [
                                [
                                    [
                                        [
                                            [
                                                [
                                                    "0:md5,ad1d574cad101bbd8c1b7eea78e11b11"
                                                ]
                                            ],
                                            [
                                                [
                                                    "0:md5,fbc5cb9ada63fac23708ec558973b592"
                                                ]
                                            ],
                                            [
                                                [
                                                    "0:md5,8fbd49aac325576c1f3fc22aab2f3a9c"
                                                ]
                                            ]
                                        ],
                                        "zarr.json:md5,b5cc67ac579a24f7c1963dbe53dedcf1"
                                    ],
                                    [
                                        [
                                            [
                                                [
                                                    "0:md5,f205b41f21c7fafb14fb4c9243280d9e"
                                                ]
                                            ],
                                            [
                                                [
                                                    "0:md5,b691124e3b9e8207febed5c1a0ce12e9"
                                                ]
                                            ],
                                            [
                                                [
                                                    "0:md5,c973a0a04c2e00b12e5d0b4dbb4cea43"
                                                ]
                                            ]
                                        ],
                                        "zarr.json:md5,74402fd2b9029b554fcfaf45350cfe28"
                                    ],
                                    [
                                        [
                                            [
                                                [
                                                    "0:md5,98ef9dc11f22cc931fee7b9e169837dc"
                                                ]
                                            ],
                                            [
                                                [
                                                    "0:md5,1c8e07824785e15afb7597de17af2220"
                                                ]
                                            ],
                                            [
                                                [
                                                    "0:md5,6cb5a928381033aa509d7d5e2ba029ce"
                                                ]
                                            ]
                                        ],
                                        "zarr.json:md5,f7510277ca1f9696f932fdc2497df47a"
                                    ],
                                    [
                                        [
                                            [
                                                [
                                                    "0:md5,42152c64399fe03dfad62aec553afd6e"
                                                ]
                                            ],
                                            [
                                                [
                                                    "0:md5,26a371a3566831ac3c94a99d26462d37"
                                                ]
                                            ],
                                            [
                                                [
                                                    "0:md5,cd12443f993cb61ef3ff6117a77c83f0"
                                                ]
                                            ]
                                        ],
                                        "zarr.json:md5,8eedd97783403d639f7406ca42ddd8d5"
                                    ],
                                    [
                                        [
                                            [
                                                [
                                                    "0:md5,d130dae149bf4fbc38a13f7c8066481c"
                                                ]
                                            ],
                                            [
                                                [
                                                    "0:md5,ccf5fe08d9b63a5d97e1e486890c8d2c"
                                                ]
                                            ],
                                            [
                                                [
                                                    "0:md5,59db6be15653eeaed85b712a2c9b3d6f"
                                                ]
                                            ]
                                        ],
                                        "zarr.json:md5,a09348fbbc1a94e9f5e75e6a520e7c9e"
                                    ],
                                    "zarr.json:md5,70d375e1e61d6155910377da85b38d57"
                                ],
                                "zarr.json:md5,457126c0639af2eba0140851c39c1aad"
                            ],
                            "zarr.json:md5,5d3873d319a2ce7dd582d28fbbc14357"
                        ]
                    ]
                ],
                "versions": [
                    "versions.yml:md5,9c42d34627b9ec220181cba2fcd3d4f3"
                ]
            }
        ],
        "timestamp": "2026-07-30T00:05:40.276417214",
        "meta": {
            "nf-test": "0.9.5",
            "nextflow": "24.04.2"
        }
    },
    "sopa_convert - tiff - stub": {
        "content": [
            {
                "0": [
                    [
                        {
                            "id": "test"
                        },
                        "test_nuclear.zarr:md5,d41d8cd98f00b204e9800998ecf8427e"
                    ]
                ],
                "1": [
                    "versions.yml:md5,9c42d34627b9ec220181cba2fcd3d4f3"
                ],
                "spatial_data": [
                    [
                        {
                            "id": "test"
                        },
                        "test_nuclear.zarr:md5,d41d8cd98f00b204e9800998ecf8427e"
                    ]
                ],
                "versions": [
                    "versions.yml:md5,9c42d34627b9ec220181cba2fcd3d4f3"
                ]
            }
        ],
        "timestamp": "2026-07-30T00:05:45.788400887",
        "meta": {
            "nf-test": "0.9.5",
            "nextflow": "24.04.2"
        }
    }
}