{
    "sopa_convert - tiff": {
        "content": [
            {
                "0": [
                    [
                        {
                            "id": "test"
                        },
                        [
                            ".zattrs:md5,6ce7088bffde50cf9f724faa78b238ad",
                            ".zgroup:md5,e20297935e73dd0154104d4ea53040ab",
                            [
                                ".zgroup:md5,e20297935e73dd0154104d4ea53040ab",
                                [
                                    ".zattrs:md5,9731b8ca94d1e44a952243cf292d14fc",
                                    ".zgroup:md5,e20297935e73dd0154104d4ea53040ab",
                                    [
                                        ".zarray:md5,693c1a6da0b95db2dcbeef6cdd71799b",
                                        [
                                            [
                                                "0:md5,145adf06fce482a5962026e847ba34bc"
                                            ]
                                        ],
                                        [
                                            [
                                                "0:md5,bda4a0f66e52d9e7010d7315fe223723"
                                            ]
                                        ],
                                        [
                                            [
                                                "0:md5,65548b82aac70701e52839e08ecd6096"
                                            ]
                                        ]
                                    ],
                                    [
                                        ".zarray:md5,d0b0a330e9253e2f8f5371781c776278",
                                        [
                                            [
                                                "0:md5,5bad6c314a4c2a971a866c29f26737bb"
                                            ]
                                        ],
                                        [
                                            [
                                                "0:md5,e0f5c1b3f64c87c25e4a7b86f1667927"
                                            ]
                                        ],
                                        [
                                            [
                                                "0:md5,c4fd1003ae44d07f9d3d8f5001260a6b"
                                            ]
                                        ]
                                    ],
                                    [
                                        ".zarray:md5,52ff9c3163107de97ee187763db1ae23",
                                        [
                                            [
                                                "0:md5,598ed11b166b832625be3f2ddbd6ecd2"
                                            ]
                                        ],
                                        [
                                            [
                                                "0:md5,78866146a797efe42b527b15d26ab90e"
                                            ]
                                        ],
                                        [
                                            [
                                                "0:md5,7769fe393f2f37e0669b30e90a921c4e"
                                            ]
                                        ]
                                    ],
                                    [
                                        ".zarray:md5,51793604f7aa317fb8b81244e07e021e",
                                        [
                                            [
                                                "0:md5,cc8fab9e913769032dd5403aea144cf7"
                                            ]
                                        ],
                                        [
                                            [
                                                "0:md5,78ddb0bb5197b0ce35fcfd9d549ee7fa"
                                            ]
                                        ],
                                        [
                                            [
                                                "0:md5,4b6790dbd19b1ee0fd4ce877ee123a19"
                                            ]
                                        ]
                                    ],
                                    [
                                        ".zarray:md5,9fe13f0f19532d31d6ef189dd85135a2",
                                        [
                                            [
                                                "0:md5,f5a4b64cd322ed6cb509fb338d78bbc9"
                                            ]
                                        ],
                                        [
                                            [
                                                "0:md5,0c5dc99a0d1979df7d498a20555f9057"
                                            ]
                                        ],
                                        [
                                            [
                                                "0:md5,d4b5c98a48684460ca2512c0dbcb8397"
                                            ]
                                        ]
                                    ]
                                ]
                            ],
                            "zmetadata:md5,a1e774f2558348fc69e455503c457b65"
                        ]
                    ]
                ],
                "1": [
                    "versions.yml:md5,dc33957b9ef9f82a817e8f42ff0e393d"
                ],
                "spatial_data": [
                    [
                        {
                            "id": "test"
                        },
                        [
                            ".zattrs:md5,6ce7088bffde50cf9f724faa78b238ad",
                            ".zgroup:md5,e20297935e73dd0154104d4ea53040ab",
                            [
                                ".zgroup:md5,e20297935e73dd0154104d4ea53040ab",
                                [
                                    ".zattrs:md5,9731b8ca94d1e44a952243cf292d14fc",
                                    ".zgroup:md5,e20297935e73dd0154104d4ea53040ab",
                                    [
                                        ".zarray:md5,693c1a6da0b95db2dcbeef6cdd71799b",
                                        [
                                            [
                                                "0:md5,145adf06fce482a5962026e847ba34bc"
                                            ]
                                        ],
                                        [
                                            [
                                                "0:md5,bda4a0f66e52d9e7010d7315fe223723"
                                            ]
                                        ],
                                        [
                                            [
                                                "0:md5,65548b82aac70701e52839e08ecd6096"
                                            ]
                                        ]
                                    ],
                                    [
                                        ".zarray:md5,d0b0a330e9253e2f8f5371781c776278",
                                        [
                                            [
                                                "0:md5,5bad6c314a4c2a971a866c29f26737bb"
                                            ]
                                        ],
                                        [
                                            [
                                                "0:md5,e0f5c1b3f64c87c25e4a7b86f1667927"
                                            ]
                                        ],
                                        [
                                            [
                                                "0:md5,c4fd1003ae44d07f9d3d8f5001260a6b"
                                            ]
                                        ]
                                    ],
                                    [
                                        ".zarray:md5,52ff9c3163107de97ee187763db1ae23",
                                        [
                                            [
                                                "0:md5,598ed11b166b832625be3f2ddbd6ecd2"
                                            ]
                                        ],
                                        [
                                            [
                                                "0:md5,78866146a797efe42b527b15d26ab90e"
                                            ]
                                        ],
                                        [
                                            [
                                                "0:md5,7769fe393f2f37e0669b30e90a921c4e"
                                            ]
                                        ]
                                    ],
                                    [
                                        ".zarray:md5,51793604f7aa317fb8b81244e07e021e",
                                        [
                                            [
                                                "0:md5,cc8fab9e913769032dd5403aea144cf7"
                                            ]
                                        ],
                                        [
                                            [
                                                "0:md5,78ddb0bb5197b0ce35fcfd9d549ee7fa"
                                            ]
                                        ],
                                        [
                                            [
                                                "0:md5,4b6790dbd19b1ee0fd4ce877ee123a19"
                                            ]
                                        ]
                                    ],
                                    [
                                        ".zarray:md5,9fe13f0f19532d31d6ef189dd85135a2",
                                        [
                                            [
                                                "0:md5,f5a4b64cd322ed6cb509fb338d78bbc9"
                                            ]
                                        ],
                                        [
                                            [
                                                "0:md5,0c5dc99a0d1979df7d498a20555f9057"
                                            ]
                                        ],
                                        [
                                            [
                                                "0:md5,d4b5c98a48684460ca2512c0dbcb8397"
                                            ]
                                        ]
                                    ]
                                ]
                            ],
                            "zmetadata:md5,a1e774f2558348fc69e455503c457b65"
                        ]
                    ]
                ],
                "versions": [
                    "versions.yml:md5,dc33957b9ef9f82a817e8f42ff0e393d"
                ]
            }
        ],
        "timestamp": "2026-07-29T18:00:45.101199194",
        "meta": {
            "nf-test": "0.9.5",
            "nextflow": "24.04.2"
        }
    },
    "sopa_convert - tiff - stub": {
        "content": [
            {
                "0": [
                    [
                        {
                            "id": "test"
                        },
                        "test_nuclear.zarr:md5,d41d8cd98f00b204e9800998ecf8427e"
                    ]
                ],
                "1": [
                    "versions.yml:md5,dc33957b9ef9f82a817e8f42ff0e393d"
                ],
                "spatial_data": [
                    [
                        {
                            "id": "test"
                        },
                        "test_nuclear.zarr:md5,d41d8cd98f00b204e9800998ecf8427e"
                    ]
                ],
                "versions": [
                    "versions.yml:md5,dc33957b9ef9f82a817e8f42ff0e393d"
                ]
            }
        ],
        "timestamp": "2026-07-29T18:00:51.364127384",
        "meta": {
            "nf-test": "0.9.5",
            "nextflow": "24.04.2"
        }
    }
}